WARNING: redefinition of constant Main.PLANNER_CACHE. This may fail, cause incorrect answers, or produce other errors.
WARNING: redefinition of constant Main.CACHE_HITS. This may fail, cause incorrect answers, or produce other errors.
WARNING: redefinition of constant Main.CACHE_MISSES. This may fail, cause incorrect answers, or produce other errors.
WARNING: redefinition of constant Main.PLANNER_CACHE. This may fail, cause incorrect answers, or produce other errors.
WARNING: redefinition of constant Main.CACHE_HITS. This may fail, cause incorrect answers, or produce other errors.
WARNING: redefinition of constant Main.CACHE_MISSES. This may fail, cause incorrect answers, or produce other errors.
WARNING: redefinition of constant Main.PLANNER_CACHE. This may fail, cause incorrect answers, or produce other errors.
WARNING: redefinition of constant Main.CACHE_HITS. This may fail, cause incorrect answers, or produce other errors.
WARNING: redefinition of constant Main.CACHE_MISSES. This may fail, cause incorrect answers, or produce other errors.
┌ Warning: type PDDL.##CompiledDoorsKeysGemsState#233 does not exist in workspace; interpreting Array{PDDL.##CompiledDoorsKeysGemsState#233} as Array{Any}
└ @ JLD2 ~/.julia/packages/JLD2/WDhXU/src/datasets.jl:128
┌ Warning: type PDDL.##CompiledDoorsKeysGemsState#233 does not exist in workspace; reconstructing
└ @ JLD2 ~/.julia/packages/JLD2/WDhXU/src/data/reconstructing_datatypes.jl:588
┌ Warning: type PDDL.##CompiledDoorsKeysGemsState#291 does not exist in workspace; reconstructing
└ @ JLD2 ~/.julia/packages/JLD2/WDhXU/src/data/reconstructing_datatypes.jl:588
┌ Warning: type PDDL.##CompiledDoorsKeysGemsState#349 does not exist in workspace; reconstructing
└ @ JLD2 ~/.julia/packages/JLD2/WDhXU/src/data/reconstructing_datatypes.jl:588
┌ Warning: type PDDL.##CompiledDoorsKeysGemsState#407 does not exist in workspace; reconstructing
└ @ JLD2 ~/.julia/packages/JLD2/WDhXU/src/data/reconstructing_datatypes.jl:588
┌ Warning: type PDDL.##CompiledDoorsKeysGemsState#465 does not exist in workspace; reconstructing
└ @ JLD2 ~/.julia/packages/JLD2/WDhXU/src/data/reconstructing_datatypes.jl:588
┌ Warning: type PDDL.##CompiledDoorsKeysGemsState#523 does not exist in workspace; reconstructing
└ @ JLD2 ~/.julia/packages/JLD2/WDhXU/src/data/reconstructing_datatypes.jl:588
┌ Warning: type PDDL.##CompiledDoorsKeysGemsState#581 does not exist in workspace; reconstructing
└ @ JLD2 ~/.julia/packages/JLD2/WDhXU/src/data/reconstructing_datatypes.jl:588
┌ Warning: type PDDL.##CompiledDoorsKeysGemsState#639 does not exist in workspace; reconstructing
└ @ JLD2 ~/.julia/packages/JLD2/WDhXU/src/data/reconstructing_datatypes.jl:588
┌ Warning: type PDDL.##CompiledDoorsKeysGemsState#697 does not exist in workspace; reconstructing
└ @ JLD2 ~/.julia/packages/JLD2/WDhXU/src/data/reconstructing_datatypes.jl:588
┌ Warning: type PDDL.##CompiledDoorsKeysGemsState#755 does not exist in workspace; reconstructing
└ @ JLD2 ~/.julia/packages/JLD2/WDhXU/src/data/reconstructing_datatypes.jl:588
┌ Warning: type PDDL.##CompiledDoorsKeysGemsState#813 does not exist in workspace; reconstructing
└ @ JLD2 ~/.julia/packages/JLD2/WDhXU/src/data/reconstructing_datatypes.jl:588
┌ Warning: type PDDL.##CompiledDoorsKeysGemsState#871 does not exist in workspace; reconstructing
└ @ JLD2 ~/.julia/packages/JLD2/WDhXU/src/data/reconstructing_datatypes.jl:588
┌ Warning: type PDDL.##CompiledDoorsKeysGemsState#929 does not exist in workspace; reconstructing
└ @ JLD2 ~/.julia/packages/JLD2/WDhXU/src/data/reconstructing_datatypes.jl:588
┌ Warning: type PDDL.##CompiledDoorsKeysGemsState#987 does not exist in workspace; reconstructing
└ @ JLD2 ~/.julia/packages/JLD2/WDhXU/src/data/reconstructing_datatypes.jl:588
┌ Warning: type PDDL.##CompiledDoorsKeysGemsState#1045 does not exist in workspace; reconstructing
└ @ JLD2 ~/.julia/packages/JLD2/WDhXU/src/data/reconstructing_datatypes.jl:588
┌ Warning: type PDDL.##CompiledDoorsKeysGemsState#1103 does not exist in workspace; reconstructing
└ @ JLD2 ~/.julia/packages/JLD2/WDhXU/src/data/reconstructing_datatypes.jl:588
┌ Warning: type PDDL.##CompiledDoorsKeysGemsState#1161 does not exist in workspace; reconstructing
└ @ JLD2 ~/.julia/packages/JLD2/WDhXU/src/data/reconstructing_datatypes.jl:588
┌ Warning: type PDDL.##CompiledDoorsKeysGemsState#1219 does not exist in workspace; reconstructing
└ @ JLD2 ~/.julia/packages/JLD2/WDhXU/src/data/reconstructing_datatypes.jl:588
┌ Warning: type PDDL.##CompiledDoorsKeysGemsState#1277 does not exist in workspace; reconstructing
└ @ JLD2 ~/.julia/packages/JLD2/WDhXU/src/data/reconstructing_datatypes.jl:588
┌ Warning: type PDDL.##CompiledDoorsKeysGemsState#1335 does not exist in workspace; reconstructing
└ @ JLD2 ~/.julia/packages/JLD2/WDhXU/src/data/reconstructing_datatypes.jl:588
┌ Warning: type PDDL.##CompiledDoorsKeysGemsState#1393 does not exist in workspace; reconstructing
└ @ JLD2 ~/.julia/packages/JLD2/WDhXU/src/data/reconstructing_datatypes.jl:588
┌ Warning: type PDDL.##CompiledDoorsKeysGemsState#1451 does not exist in workspace; reconstructing
└ @ JLD2 ~/.julia/packages/JLD2/WDhXU/src/data/reconstructing_datatypes.jl:588
┌ Warning: type PDDL.##CompiledDoorsKeysGemsState#1509 does not exist in workspace; reconstructing
└ @ JLD2 ~/.julia/packages/JLD2/WDhXU/src/data/reconstructing_datatypes.jl:588
┌ Warning: type PDDL.##CompiledDoorsKeysGemsState#1567 does not exist in workspace; reconstructing
└ @ JLD2 ~/.julia/packages/JLD2/WDhXU/src/data/reconstructing_datatypes.jl:588
┌ Warning: type PDDL.##CompiledDoorsKeysGemsState#1625 does not exist in workspace; reconstructing
└ @ JLD2 ~/.julia/packages/JLD2/WDhXU/src/data/reconstructing_datatypes.jl:588
┌ Warning: type PDDL.##CompiledDoorsKeysGemsState#1683 does not exist in workspace; reconstructing
└ @ JLD2 ~/.julia/packages/JLD2/WDhXU/src/data/reconstructing_datatypes.jl:588
┌ Warning: type PDDL.##CompiledDoorsKeysGemsState#1741 does not exist in workspace; reconstructing
└ @ JLD2 ~/.julia/packages/JLD2/WDhXU/src/data/reconstructing_datatypes.jl:588
┌ Warning: type PDDL.##CompiledDoorsKeysGemsState#1799 does not exist in workspace; reconstructing
└ @ JLD2 ~/.julia/packages/JLD2/WDhXU/src/data/reconstructing_datatypes.jl:588
┌ Warning: type PDDL.##CompiledDoorsKeysGemsState#1857 does not exist in workspace; reconstructing
└ @ JLD2 ~/.julia/packages/JLD2/WDhXU/src/data/reconstructing_datatypes.jl:588
┌ Warning: type PDDL.##CompiledDoorsKeysGemsState#1915 does not exist in workspace; reconstructing
└ @ JLD2 ~/.julia/packages/JLD2/WDhXU/src/data/reconstructing_datatypes.jl:588
┌ Warning: type PDDL.##CompiledDoorsKeysGemsState#1973 does not exist in workspace; reconstructing
└ @ JLD2 ~/.julia/packages/JLD2/WDhXU/src/data/reconstructing_datatypes.jl:588
┌ Warning: type PDDL.##CompiledDoorsKeysGemsState#2031 does not exist in workspace; reconstructing
└ @ JLD2 ~/.julia/packages/JLD2/WDhXU/src/data/reconstructing_datatypes.jl:588
┌ Warning: type PDDL.##CompiledDoorsKeysGemsState#2089 does not exist in workspace; reconstructing
└ @ JLD2 ~/.julia/packages/JLD2/WDhXU/src/data/reconstructing_datatypes.jl:588
┌ Warning: type PDDL.##CompiledDoorsKeysGemsState#2147 does not exist in workspace; reconstructing
└ @ JLD2 ~/.julia/packages/JLD2/WDhXU/src/data/reconstructing_datatypes.jl:588
┌ Warning: type PDDL.##CompiledDoorsKeysGemsState#2205 does not exist in workspace; reconstructing
└ @ JLD2 ~/.julia/packages/JLD2/WDhXU/src/data/reconstructing_datatypes.jl:588
┌ Warning: type PDDL.##CompiledDoorsKeysGemsState#2263 does not exist in workspace; reconstructing
└ @ JLD2 ~/.julia/packages/JLD2/WDhXU/src/data/reconstructing_datatypes.jl:588
┌ Warning: type PDDL.##CompiledDoorsKeysGemsState#2321 does not exist in workspace; reconstructing
└ @ JLD2 ~/.julia/packages/JLD2/WDhXU/src/data/reconstructing_datatypes.jl:588
┌ Warning: type PDDL.##CompiledDoorsKeysGemsState#2379 does not exist in workspace; reconstructing
└ @ JLD2 ~/.julia/packages/JLD2/WDhXU/src/data/reconstructing_datatypes.jl:588
┌ Warning: type PDDL.##CompiledDoorsKeysGemsState#2437 does not exist in workspace; reconstructing
└ @ JLD2 ~/.julia/packages/JLD2/WDhXU/src/data/reconstructing_datatypes.jl:588
┌ Warning: type PDDL.##CompiledDoorsKeysGemsState#2495 does not exist in workspace; reconstructing
└ @ JLD2 ~/.julia/packages/JLD2/WDhXU/src/data/reconstructing_datatypes.jl:588

Processing map: sm341
  Scenario 2
    agent2 (X) -> gem2, agent3 (Y) -> gem1
Const[wizard1, wizard2, wizard3]Const[wizard1, wizard2, wizard3]    DEBUG: Initial blue_wizards: Const[wizard1, wizard2, wizard3] (3 total)
    DEBUG: agent2 belief trajectory length: 25 timesteps
    DEBUG: agent3 belief trajectory length: 6 timesteps
    DEBUG: Initial s_id_agent2=3, s_id_agent3=3
    [t=0] Computing Q-values...
        agent2: goal=1, state=1 (prob=0.1111111111111111)
          goal_prob[g]=0.3333333333333333, state_prob[i]=0.3333333333333333
          T=2, max_T_state=15
          State probs at T=2: [0.3333333333333333, 0.3333333333333333, 0.3333333333333333]
          After filtering at T=2: 3 wizard candidates
          Computing Q_T for 3 wizards...
          Q_T=126, obs_cost=2.0, total=128.0
        agent2: goal=1, state=2 (prob=0.1111111111111111)
          goal_prob[g]=0.3333333333333333, state_prob[i]=0.3333333333333333
          T=2, max_T_state=15
          State probs at T=2: [0.3333333333333333, 0.3333333333333333, 0.3333333333333333]
          After filtering at T=2: 3 wizard candidates
          Computing Q_T for 3 wizards...
          Q_T=126, obs_cost=2.0, total=128.0
        agent2: goal=1, state=3 (prob=0.1111111111111111)
          goal_prob[g]=0.3333333333333333, state_prob[i]=0.3333333333333333
          T=2, max_T_state=15
          State probs at T=2: [0.3333333333333333, 0.3333333333333333, 0.3333333333333333]
          After filtering at T=2: 3 wizard candidates
          Computing Q_T for 3 wizards...
          Q_T=126, obs_cost=2.0, total=128.0
        agent2: goal=2, state=1 (prob=0.1111111111111111)
          goal_prob[g]=0.3333333333333333, state_prob[i]=0.3333333333333333
          T=8, max_T_state=25
          State probs at T=8: [0.9652654168689198, 0.017367291565539983, 0.017367291565539983]
          After filtering at T=8: 1 wizard candidates
          Computing Q_T for 1 wizards...
          Q_T=86, obs_cost=8.0, total=94.0
        agent2: goal=2, state=2 (prob=0.1111111111111111)
          goal_prob[g]=0.3333333333333333, state_prob[i]=0.3333333333333333
          T=9, max_T_state=25
          State probs at T=9: [2.2102209556317527e-7, 0.9820134664554617, 0.01798631252244278]
          After filtering at T=9: 1 wizard candidates
          Computing Q_T for 1 wizards...
          Q_T=98, obs_cost=9.0, total=107.0
        agent2: goal=2, state=3 (prob=0.1111111111111111)
          goal_prob[g]=0.3333333333333333, state_prob[i]=0.3333333333333333
          T=9, max_T_state=25
          State probs at T=9: [2.2102209556317527e-7, 0.01798631252244278, 0.9820134664554617]
          After filtering at T=9: 1 wizard candidates
          Computing Q_T for 1 wizards...
          Q_T=98, obs_cost=9.0, total=107.0
        agent2: goal=3, state=1 (prob=0.1111111111111111)
          goal_prob[g]=0.3333333333333333, state_prob[i]=0.3333333333333333
          T=2, max_T_state=12
          State probs at T=2: [0.3333333333333333, 0.3333333333333333, 0.3333333333333333]
          After filtering at T=2: 3 wizard candidates
          Computing Q_T for 3 wizards...
          Q_T=126, obs_cost=2.0, total=128.0
        agent2: goal=3, state=2 (prob=0.1111111111111111)
          goal_prob[g]=0.3333333333333333, state_prob[i]=0.3333333333333333
          T=2, max_T_state=12
          State probs at T=2: [0.3333333333333333, 0.3333333333333333, 0.3333333333333333]
          After filtering at T=2: 3 wizard candidates
          Computing Q_T for 3 wizards...
          Q_T=126, obs_cost=2.0, total=128.0
        agent2: goal=3, state=3 (prob=0.1111111111111111)
          goal_prob[g]=0.3333333333333333, state_prob[i]=0.3333333333333333
          T=2, max_T_state=12
          State probs at T=2: [0.3333333333333333, 0.3333333333333333, 0.3333333333333333]
          After filtering at T=2: 3 wizard candidates
          Computing Q_T for 3 wizards...
          Q_T=126, obs_cost=2.0, total=128.0
      agent2 total_probs=1.0000000000000002, raw_Q=119.55555555555557
      agent2 Q_observe (normalized): 119.55555555555554
        agent3: goal=1, state=1 (prob=0.1111111111111111)
          Computing Q_T (calling planner)...
          Q_T = 126
        agent3: goal=1, state=2 (prob=0.1111111111111111)
          Computing Q_T (calling planner)...
          Q_T = 126
        agent3: goal=1, state=3 (prob=0.1111111111111111)
          Computing Q_T (calling planner)...
          Q_T = 126
        agent3: goal=2, state=1 (prob=0.1111111111111111)
          Computing Q_T (calling planner)...
          Q_T = 86
        agent3: goal=2, state=2 (prob=0.1111111111111111)
          Computing Q_T (calling planner)...
          Q_T = 98
        agent3: goal=2, state=3 (prob=0.1111111111111111)
          Computing Q_T (calling planner)...
          Q_T = 98
        agent3: goal=3, state=1 (prob=0.1111111111111111)
          Computing Q_T (calling planner)...
          Q_T = 126
        agent3: goal=3, state=2 (prob=0.1111111111111111)
          Computing Q_T (calling planner)...
          Q_T = 126
        agent3: goal=3, state=3 (prob=0.1111111111111111)
          Computing Q_T (calling planner)...
          Q_T = 126
      agent3 Q computed: 119.44444444444443
      Q-value computation time: 29.24s
      Computing Q_not_observe with 3 wizard candidates: Const[wizard1, wizard2, wizard3]
      Q_not_observe: 126

    ===== DECISION at t=0 =====
    Q_observe_agent2 = 119.55555555555554
    Q_observe_agent3 = 119.44444444444443
    Q_not_observe    = 126
    Current wizard_candicates: 3 wizards
    Best action: 2 (observe_agent3)
    ============================

    -> Observing agent3 (Y)
    DEBUG: Updating wizard_candicates based on agent3 state_probs at t=1
    DEBUG: state_probs_agent3[:, 1] = [0.3333333333333333, 0.3333333333333333, 0.3333333333333333]
      Keeping wizard 1 (wizard1) with prob=0.3333333333333333
      Keeping wizard 2 (wizard2) with prob=0.3333333333333333
      Keeping wizard 3 (wizard3) with prob=0.3333333333333333
    DEBUG: New wizard_candicates: 3 wizards
    [t=1] Computing Q-values...
        agent2: goal=1, state=1 (prob=0.16515421419261436)
          goal_prob[g]=0.4954626425778431, state_prob[i]=0.3333333333333333
          T=2, max_T_state=15
          State probs at T=2: [0.3333333333333333, 0.3333333333333333, 0.3333333333333333]
          After filtering at T=2: 3 wizard candidates
          Computing Q_T for 3 wizards...
          Q_T=126, obs_cost=2.0, total=128.0
        agent2: goal=1, state=2 (prob=0.16515421419261436)
          goal_prob[g]=0.4954626425778431, state_prob[i]=0.3333333333333333
          T=2, max_T_state=15
          State probs at T=2: [0.3333333333333333, 0.3333333333333333, 0.3333333333333333]
          After filtering at T=2: 3 wizard candidates
          Computing Q_T for 3 wizards...
          Q_T=126, obs_cost=2.0, total=128.0
        agent2: goal=1, state=3 (prob=0.16515421419261436)
          goal_prob[g]=0.4954626425778431, state_prob[i]=0.3333333333333333
          T=2, max_T_state=15
          State probs at T=2: [0.3333333333333333, 0.3333333333333333, 0.3333333333333333]
          After filtering at T=2: 3 wizard candidates
          Computing Q_T for 3 wizards...
          Q_T=126, obs_cost=2.0, total=128.0
        agent2: goal=2, state=1 (prob=0.16515421419261436)
          goal_prob[g]=0.4954626425778431, state_prob[i]=0.3333333333333333
          T=8, max_T_state=25
          State probs at T=8: [0.9652654168689198, 0.017367291565539983, 0.017367291565539983]
          After filtering at T=8: 1 wizard candidates
          Computing Q_T for 1 wizards...
          Q_T=86, obs_cost=8.0, total=94.0
        agent2: goal=2, state=2 (prob=0.16515421419261436)
          goal_prob[g]=0.4954626425778431, state_prob[i]=0.3333333333333333
          T=9, max_T_state=25
          State probs at T=9: [2.2102209556317527e-7, 0.9820134664554617, 0.01798631252244278]
          After filtering at T=9: 1 wizard candidates
          Computing Q_T for 1 wizards...
          Q_T=98, obs_cost=9.0, total=107.0
        agent2: goal=2, state=3 (prob=0.16515421419261436)
          goal_prob[g]=0.4954626425778431, state_prob[i]=0.3333333333333333
          T=9, max_T_state=25
          State probs at T=9: [2.2102209556317527e-7, 0.01798631252244278, 0.9820134664554617]
          After filtering at T=9: 1 wizard candidates
          Computing Q_T for 1 wizards...
          Q_T=98, obs_cost=9.0, total=107.0
      agent2 total_probs=0.9909252851556861, raw_Q=114.28671622128914
      agent2 Q_observe (normalized): 115.33333333333334
        agent3: goal=1, state=1 (prob=0.321554385323968)
          Computing Q_T (calling planner)...
          Q_T = 126
        agent3: goal=1, state=2 (prob=0.321554385323968)
          Computing Q_T (calling planner)...
          Q_T = 126
        agent3: goal=1, state=3 (prob=0.321554385323968)
          Computing Q_T (calling planner)...
          Q_T = 126
      agent3 Q computed: 128.0
      Q-value computation time: 0.01s
      Computing Q_not_observe with 3 wizard candidates: Any[wizard1, wizard2, wizard3]
      Q_not_observe: 126

    ===== DECISION at t=1 =====
    Q_observe_agent2 = 115.33333333333334
    Q_observe_agent3 = 128.0
    Q_not_observe    = 126
    Current wizard_candicates: 3 wizards
    Best action: 1 (observe_agent2)
    ============================

    -> Observing agent2 (X)
    DEBUG: Updating wizard_candicates based on agent2 state_probs at t=2
    DEBUG: state_probs_agent2[:, 2] = [0.3333333333333333, 0.3333333333333333, 0.3333333333333333]
      Keeping wizard 1 (wizard1) with prob=0.3333333333333333
      Keeping wizard 2 (wizard2) with prob=0.3333333333333333
      Keeping wizard 3 (wizard3) with prob=0.3333333333333333
    DEBUG: New wizard_candicates: 3 wizards
    [t=2] Computing Q-values...
        agent2: goal=1, state=1 (prob=0.16663871613585404)
          goal_prob[g]=0.49991614840756216, state_prob[i]=0.3333333333333333
          T=2, max_T_state=15
          State probs at T=2: [0.3333333333333333, 0.3333333333333333, 0.3333333333333333]
          After filtering at T=2: 3 wizard candidates
          Computing Q_T for 3 wizards...
          Q_T=126, obs_cost=2.0, total=128.0
        agent2: goal=1, state=2 (prob=0.16663871613585404)
          goal_prob[g]=0.49991614840756216, state_prob[i]=0.3333333333333333
          T=2, max_T_state=15
          State probs at T=2: [0.3333333333333333, 0.3333333333333333, 0.3333333333333333]
          After filtering at T=2: 3 wizard candidates
          Computing Q_T for 3 wizards...
          Q_T=126, obs_cost=2.0, total=128.0
        agent2: goal=1, state=3 (prob=0.16663871613585404)
          goal_prob[g]=0.49991614840756216, state_prob[i]=0.3333333333333333
          T=2, max_T_state=15
          State probs at T=2: [0.3333333333333333, 0.3333333333333333, 0.3333333333333333]
          After filtering at T=2: 3 wizard candidates
          Computing Q_T for 3 wizards...
          Q_T=126, obs_cost=2.0, total=128.0
        agent2: goal=2, state=1 (prob=0.16663871613585404)
          goal_prob[g]=0.49991614840756216, state_prob[i]=0.3333333333333333
          T=8, max_T_state=25
          State probs at T=8: [0.9652654168689198, 0.017367291565539983, 0.017367291565539983]
          After filtering at T=8: 1 wizard candidates
          Computing Q_T for 1 wizards...
          Q_T=86, obs_cost=8.0, total=94.0
        agent2: goal=2, state=2 (prob=0.16663871613585404)
          goal_prob[g]=0.49991614840756216, state_prob[i]=0.3333333333333333
          T=9, max_T_state=25
          State probs at T=9: [2.2102209556317527e-7, 0.9820134664554617, 0.01798631252244278]
          After filtering at T=9: 1 wizard candidates
          Computing Q_T for 1 wizards...
          Q_T=98, obs_cost=9.0, total=107.0
        agent2: goal=2, state=3 (prob=0.16663871613585404)
          goal_prob[g]=0.49991614840756216, state_prob[i]=0.3333333333333333
          T=9, max_T_state=25
          State probs at T=9: [2.2102209556317527e-7, 0.01798631252244278, 0.9820134664554617]
          After filtering at T=9: 1 wizard candidates
          Computing Q_T for 1 wizards...
          Q_T=98, obs_cost=9.0, total=107.0
      agent2 total_probs=0.9998322968151242, raw_Q=115.313991566011
      agent2 Q_observe (normalized): 115.33333333333334
        agent3: goal=1, state=1 (prob=0.33310984152769535)
          Computing Q_T (calling planner)...
          Q_T = 126
        agent3: goal=1, state=2 (prob=0.33310984152769535)
          Computing Q_T (calling planner)...
          Q_T = 126
        agent3: goal=1, state=3 (prob=0.33310984152769535)
          Computing Q_T (calling planner)...
          Q_T = 126
      agent3 Q computed: 128.0
      Q-value computation time: 0.01s
      Computing Q_not_observe with 3 wizard candidates: Any[wizard1, wizard2, wizard3]
      Q_not_observe: 126

    ===== DECISION at t=2 =====
    Q_observe_agent2 = 115.33333333333334
    Q_observe_agent3 = 128.0
    Q_not_observe    = 126
    Current wizard_candicates: 3 wizards
    Best action: 1 (observe_agent2)
    ============================

    -> Observing agent2 (X)
    DEBUG: Updating wizard_candicates based on agent2 state_probs at t=3
    DEBUG: state_probs_agent2[:, 3] = [0.3333333333333333, 0.3333333333333333, 0.3333333333333333]
      Keeping wizard 1 (wizard1) with prob=0.3333333333333333
      Keeping wizard 2 (wizard2) with prob=0.3333333333333333
      Keeping wizard 3 (wizard3) with prob=0.3333333333333333
    DEBUG: New wizard_candicates: 3 wizards
    [t=3] Computing Q-values...
        agent2: goal=1, state=1 (prob=0.16666615465054355)
          goal_prob[g]=0.4999984639516306, state_prob[i]=0.33333333333333337
          T=2, max_T_state=15
          State probs at T=2: [0.3333333333333333, 0.3333333333333333, 0.3333333333333333]
          After filtering at T=2: 3 wizard candidates
          Computing Q_T for 3 wizards...
          Q_T=126, obs_cost=2.0, total=128.0
        agent2: goal=1, state=2 (prob=0.16666615465054355)
          goal_prob[g]=0.4999984639516306, state_prob[i]=0.33333333333333337
          T=2, max_T_state=15
          State probs at T=2: [0.3333333333333333, 0.3333333333333333, 0.3333333333333333]
          After filtering at T=2: 3 wizard candidates
          Computing Q_T for 3 wizards...
          Q_T=126, obs_cost=2.0, total=128.0
        agent2: goal=1, state=3 (prob=0.16666615465054355)
          goal_prob[g]=0.4999984639516306, state_prob[i]=0.33333333333333337
          T=2, max_T_state=15
          State probs at T=2: [0.3333333333333333, 0.3333333333333333, 0.3333333333333333]
          After filtering at T=2: 3 wizard candidates
          Computing Q_T for 3 wizards...
          Q_T=126, obs_cost=2.0, total=128.0
        agent2: goal=2, state=1 (prob=0.16666615465054355)
          goal_prob[g]=0.4999984639516306, state_prob[i]=0.33333333333333337
          T=8, max_T_state=25
          State probs at T=8: [0.9652654168689198, 0.017367291565539983, 0.017367291565539983]
          After filtering at T=8: 1 wizard candidates
          Computing Q_T for 1 wizards...
          Q_T=86, obs_cost=8.0, total=94.0
        agent2: goal=2, state=2 (prob=0.16666615465054355)
          goal_prob[g]=0.4999984639516306, state_prob[i]=0.33333333333333337
          T=9, max_T_state=25
          State probs at T=9: [2.2102209556317527e-7, 0.9820134664554617, 0.01798631252244278]
          After filtering at T=9: 1 wizard candidates
          Computing Q_T for 1 wizards...
          Q_T=98, obs_cost=9.0, total=107.0
        agent2: goal=2, state=3 (prob=0.16666615465054355)
          goal_prob[g]=0.4999984639516306, state_prob[i]=0.33333333333333337
          T=9, max_T_state=25
          State probs at T=9: [2.2102209556317527e-7, 0.01798631252244278, 0.9820134664554617]
          After filtering at T=9: 1 wizard candidates
          Computing Q_T for 1 wizards...
          Q_T=98, obs_cost=9.0, total=107.0
      agent2 total_probs=0.9999969279032613, raw_Q=115.33297901817613
      agent2 Q_observe (normalized): 115.33333333333333
        agent3: goal=1, state=1 (prob=0.33332923724209923)
          Computing Q_T (calling planner)...
          Q_T = 126
        agent3: goal=1, state=2 (prob=0.33332923724209923)
          Computing Q_T (calling planner)...
          Q_T = 126
        agent3: goal=1, state=3 (prob=0.33332923724209923)
          Computing Q_T (calling planner)...
          Q_T = 126
      agent3 Q computed: 128.0
      Q-value computation time: 0.01s
      Computing Q_not_observe with 3 wizard candidates: Any[wizard1, wizard2, wizard3]
      Q_not_observe: 126

    ===== DECISION at t=3 =====
    Q_observe_agent2 = 115.33333333333333
    Q_observe_agent3 = 128.0
    Q_not_observe    = 126
    Current wizard_candicates: 3 wizards
    Best action: 1 (observe_agent2)
    ============================

    -> Observing agent2 (X)
    DEBUG: Updating wizard_candicates based on agent2 state_probs at t=4
    DEBUG: state_probs_agent2[:, 4] = [0.33333333333333337, 0.33333333333333337, 0.33333333333333337]
      Keeping wizard 1 (wizard1) with prob=0.33333333333333337
      Keeping wizard 2 (wizard2) with prob=0.33333333333333337
      Keeping wizard 3 (wizard3) with prob=0.33333333333333337
    DEBUG: New wizard_candicates: 3 wizards
    [t=4] Computing Q-values...
        agent2: goal=1, state=1 (prob=0.166666657288736)
          goal_prob[g]=0.4999999718662079, state_prob[i]=0.33333333333333337
          T=2, max_T_state=15
          State probs at T=2: [0.3333333333333333, 0.3333333333333333, 0.3333333333333333]
          After filtering at T=2: 3 wizard candidates
          Computing Q_T for 3 wizards...
          Q_T=126, obs_cost=2.0, total=128.0
        agent2: goal=1, state=2 (prob=0.166666657288736)
          goal_prob[g]=0.4999999718662079, state_prob[i]=0.33333333333333337
          T=2, max_T_state=15
          State probs at T=2: [0.3333333333333333, 0.3333333333333333, 0.3333333333333333]
          After filtering at T=2: 3 wizard candidates
          Computing Q_T for 3 wizards...
          Q_T=126, obs_cost=2.0, total=128.0
        agent2: goal=1, state=3 (prob=0.166666657288736)
          goal_prob[g]=0.4999999718662079, state_prob[i]=0.33333333333333337
          T=2, max_T_state=15
          State probs at T=2: [0.3333333333333333, 0.3333333333333333, 0.3333333333333333]
          After filtering at T=2: 3 wizard candidates
          Computing Q_T for 3 wizards...
          Q_T=126, obs_cost=2.0, total=128.0
        agent2: goal=2, state=1 (prob=0.166666657288736)
          goal_prob[g]=0.4999999718662079, state_prob[i]=0.33333333333333337
          T=8, max_T_state=25
          State probs at T=8: [0.9652654168689198, 0.017367291565539983, 0.017367291565539983]
          After filtering at T=8: 1 wizard candidates
          Computing Q_T for 1 wizards...
          Q_T=86, obs_cost=8.0, total=94.0
        agent2: goal=2, state=2 (prob=0.166666657288736)
          goal_prob[g]=0.4999999718662079, state_prob[i]=0.33333333333333337
          T=9, max_T_state=25
          State probs at T=9: [2.2102209556317527e-7, 0.9820134664554617, 0.01798631252244278]
          After filtering at T=9: 1 wizard candidates
          Computing Q_T for 1 wizards...
          Q_T=98, obs_cost=9.0, total=107.0
        agent2: goal=2, state=3 (prob=0.166666657288736)
          goal_prob[g]=0.4999999718662079, state_prob[i]=0.33333333333333337
          T=9, max_T_state=25
          State probs at T=9: [2.2102209556317527e-7, 0.01798631252244278, 0.9820134664554617]
          After filtering at T=9: 1 wizard candidates
          Computing Q_T for 1 wizards...
          Q_T=98, obs_cost=9.0, total=107.0
      agent2 total_probs=0.999999943732416, raw_Q=115.33332684380531
      agent2 Q_observe (normalized): 115.33333333333333
        agent3: goal=1, state=1 (prob=0.3333332583099006)
          Computing Q_T (calling planner)...
          Q_T = 126
        agent3: goal=1, state=2 (prob=0.3333332583099006)
          Computing Q_T (calling planner)...
          Q_T = 126
        agent3: goal=1, state=3 (prob=0.3333332583099006)
          Computing Q_T (calling planner)...
          Q_T = 126
      agent3 Q computed: 128.0
      Q-value computation time: 0.01s
      Computing Q_not_observe with 3 wizard candidates: Any[wizard1, wizard2, wizard3]
      Q_not_observe: 126

    ===== DECISION at t=4 =====
    Q_observe_agent2 = 115.33333333333333
    Q_observe_agent3 = 128.0
    Q_not_observe    = 126
    Current wizard_candicates: 3 wizards
    Best action: 1 (observe_agent2)
    ============================

    -> Observing agent2 (X)
    DEBUG: Updating wizard_candicates based on agent2 state_probs at t=5
    DEBUG: state_probs_agent2[:, 5] = [0.33333333333333337, 0.33333333333333337, 0.33333333333333337]
      Keeping wizard 1 (wizard1) with prob=0.33333333333333337
      Keeping wizard 2 (wizard2) with prob=0.33333333333333337
      Keeping wizard 3 (wizard3) with prob=0.33333333333333337
    DEBUG: New wizard_candicates: 3 wizards
    [t=5] Computing Q-values...
    -> Reached end of inference data at t=5
    Scenario completed in 44.56s
    Cache stats: 314 hits, 9 misses, 97.2% hit rate
  Map completed in 45.18s

=== Timing Summary ===
Total time: 45.23s
Average per map: 45.18s
Fastest map: 45.18s
Slowest map: 45.18s

=== Experiment Complete ===
Results saved to: steps_dict_exp3_optimized.json
