WARNING: redefinition of constant Main.PLANNER_CACHE. This may fail, cause incorrect answers, or produce other errors.
WARNING: redefinition of constant Main.CACHE_HITS. This may fail, cause incorrect answers, or produce other errors.
WARNING: redefinition of constant Main.CACHE_MISSES. This may fail, cause incorrect answers, or produce other errors.
WARNING: redefinition of constant Main.PLANNER_CACHE. This may fail, cause incorrect answers, or produce other errors.
WARNING: redefinition of constant Main.CACHE_HITS. This may fail, cause incorrect answers, or produce other errors.
WARNING: redefinition of constant Main.CACHE_MISSES. This may fail, cause incorrect answers, or produce other errors.
┌ Warning: type PDDL.##CompiledDoorsKeysGemsState#235 does not exist in workspace; interpreting Array{PDDL.##CompiledDoorsKeysGemsState#235} as Array{Any}
└ @ JLD2 ~/.julia/packages/JLD2/WDhXU/src/datasets.jl:128
┌ Warning: type PDDL.##CompiledDoorsKeysGemsState#235 does not exist in workspace; reconstructing
└ @ JLD2 ~/.julia/packages/JLD2/WDhXU/src/data/reconstructing_datatypes.jl:588
┌ Warning: type PDDL.##CompiledDoorsKeysGemsState#293 does not exist in workspace; reconstructing
└ @ JLD2 ~/.julia/packages/JLD2/WDhXU/src/data/reconstructing_datatypes.jl:588
┌ Warning: type PDDL.##CompiledDoorsKeysGemsState#351 does not exist in workspace; reconstructing
└ @ JLD2 ~/.julia/packages/JLD2/WDhXU/src/data/reconstructing_datatypes.jl:588
┌ Warning: type PDDL.##CompiledDoorsKeysGemsState#409 does not exist in workspace; reconstructing
└ @ JLD2 ~/.julia/packages/JLD2/WDhXU/src/data/reconstructing_datatypes.jl:588
┌ Warning: type PDDL.##CompiledDoorsKeysGemsState#467 does not exist in workspace; reconstructing
└ @ JLD2 ~/.julia/packages/JLD2/WDhXU/src/data/reconstructing_datatypes.jl:588
┌ Warning: type PDDL.##CompiledDoorsKeysGemsState#525 does not exist in workspace; reconstructing
└ @ JLD2 ~/.julia/packages/JLD2/WDhXU/src/data/reconstructing_datatypes.jl:588
┌ Warning: type PDDL.##CompiledDoorsKeysGemsState#583 does not exist in workspace; reconstructing
└ @ JLD2 ~/.julia/packages/JLD2/WDhXU/src/data/reconstructing_datatypes.jl:588
┌ Warning: type PDDL.##CompiledDoorsKeysGemsState#641 does not exist in workspace; reconstructing
└ @ JLD2 ~/.julia/packages/JLD2/WDhXU/src/data/reconstructing_datatypes.jl:588
┌ Warning: type PDDL.##CompiledDoorsKeysGemsState#699 does not exist in workspace; reconstructing
└ @ JLD2 ~/.julia/packages/JLD2/WDhXU/src/data/reconstructing_datatypes.jl:588
┌ Warning: type PDDL.##CompiledDoorsKeysGemsState#757 does not exist in workspace; reconstructing
└ @ JLD2 ~/.julia/packages/JLD2/WDhXU/src/data/reconstructing_datatypes.jl:588
┌ Warning: type PDDL.##CompiledDoorsKeysGemsState#815 does not exist in workspace; reconstructing
└ @ JLD2 ~/.julia/packages/JLD2/WDhXU/src/data/reconstructing_datatypes.jl:588
┌ Warning: type PDDL.##CompiledDoorsKeysGemsState#873 does not exist in workspace; reconstructing
└ @ JLD2 ~/.julia/packages/JLD2/WDhXU/src/data/reconstructing_datatypes.jl:588
┌ Warning: type PDDL.##CompiledDoorsKeysGemsState#931 does not exist in workspace; reconstructing
└ @ JLD2 ~/.julia/packages/JLD2/WDhXU/src/data/reconstructing_datatypes.jl:588
┌ Warning: type PDDL.##CompiledDoorsKeysGemsState#989 does not exist in workspace; reconstructing
└ @ JLD2 ~/.julia/packages/JLD2/WDhXU/src/data/reconstructing_datatypes.jl:588
┌ Warning: type PDDL.##CompiledDoorsKeysGemsState#1047 does not exist in workspace; reconstructing
└ @ JLD2 ~/.julia/packages/JLD2/WDhXU/src/data/reconstructing_datatypes.jl:588
┌ Warning: type PDDL.##CompiledDoorsKeysGemsState#1105 does not exist in workspace; reconstructing
└ @ JLD2 ~/.julia/packages/JLD2/WDhXU/src/data/reconstructing_datatypes.jl:588
┌ Warning: type PDDL.##CompiledDoorsKeysGemsState#1163 does not exist in workspace; reconstructing
└ @ JLD2 ~/.julia/packages/JLD2/WDhXU/src/data/reconstructing_datatypes.jl:588
┌ Warning: type PDDL.##CompiledDoorsKeysGemsState#1221 does not exist in workspace; reconstructing
└ @ JLD2 ~/.julia/packages/JLD2/WDhXU/src/data/reconstructing_datatypes.jl:588
┌ Warning: type PDDL.##CompiledDoorsKeysGemsState#1279 does not exist in workspace; reconstructing
└ @ JLD2 ~/.julia/packages/JLD2/WDhXU/src/data/reconstructing_datatypes.jl:588
┌ Warning: type PDDL.##CompiledDoorsKeysGemsState#1337 does not exist in workspace; reconstructing
└ @ JLD2 ~/.julia/packages/JLD2/WDhXU/src/data/reconstructing_datatypes.jl:588
┌ Warning: type PDDL.##CompiledDoorsKeysGemsState#1395 does not exist in workspace; reconstructing
└ @ JLD2 ~/.julia/packages/JLD2/WDhXU/src/data/reconstructing_datatypes.jl:588
┌ Warning: type PDDL.##CompiledDoorsKeysGemsState#1453 does not exist in workspace; reconstructing
└ @ JLD2 ~/.julia/packages/JLD2/WDhXU/src/data/reconstructing_datatypes.jl:588
┌ Warning: type PDDL.##CompiledDoorsKeysGemsState#1511 does not exist in workspace; reconstructing
└ @ JLD2 ~/.julia/packages/JLD2/WDhXU/src/data/reconstructing_datatypes.jl:588
┌ Warning: type PDDL.##CompiledDoorsKeysGemsState#1569 does not exist in workspace; reconstructing
└ @ JLD2 ~/.julia/packages/JLD2/WDhXU/src/data/reconstructing_datatypes.jl:588
┌ Warning: type PDDL.##CompiledDoorsKeysGemsState#1627 does not exist in workspace; reconstructing
└ @ JLD2 ~/.julia/packages/JLD2/WDhXU/src/data/reconstructing_datatypes.jl:588
┌ Warning: type PDDL.##CompiledDoorsKeysGemsState#1685 does not exist in workspace; reconstructing
└ @ JLD2 ~/.julia/packages/JLD2/WDhXU/src/data/reconstructing_datatypes.jl:588
┌ Warning: type PDDL.##CompiledDoorsKeysGemsState#1743 does not exist in workspace; reconstructing
└ @ JLD2 ~/.julia/packages/JLD2/WDhXU/src/data/reconstructing_datatypes.jl:588
┌ Warning: type PDDL.##CompiledDoorsKeysGemsState#1801 does not exist in workspace; reconstructing
└ @ JLD2 ~/.julia/packages/JLD2/WDhXU/src/data/reconstructing_datatypes.jl:588
┌ Warning: type PDDL.##CompiledDoorsKeysGemsState#1859 does not exist in workspace; reconstructing
└ @ JLD2 ~/.julia/packages/JLD2/WDhXU/src/data/reconstructing_datatypes.jl:588
┌ Warning: type PDDL.##CompiledDoorsKeysGemsState#1917 does not exist in workspace; reconstructing
└ @ JLD2 ~/.julia/packages/JLD2/WDhXU/src/data/reconstructing_datatypes.jl:588
┌ Warning: type PDDL.##CompiledDoorsKeysGemsState#1975 does not exist in workspace; reconstructing
└ @ JLD2 ~/.julia/packages/JLD2/WDhXU/src/data/reconstructing_datatypes.jl:588
┌ Warning: type PDDL.##CompiledDoorsKeysGemsState#2033 does not exist in workspace; reconstructing
└ @ JLD2 ~/.julia/packages/JLD2/WDhXU/src/data/reconstructing_datatypes.jl:588
┌ Warning: type PDDL.##CompiledDoorsKeysGemsState#2091 does not exist in workspace; reconstructing
└ @ JLD2 ~/.julia/packages/JLD2/WDhXU/src/data/reconstructing_datatypes.jl:588
┌ Warning: type PDDL.##CompiledDoorsKeysGemsState#2149 does not exist in workspace; reconstructing
└ @ JLD2 ~/.julia/packages/JLD2/WDhXU/src/data/reconstructing_datatypes.jl:588
┌ Warning: type PDDL.##CompiledDoorsKeysGemsState#2207 does not exist in workspace; reconstructing
└ @ JLD2 ~/.julia/packages/JLD2/WDhXU/src/data/reconstructing_datatypes.jl:588
┌ Warning: type PDDL.##CompiledDoorsKeysGemsState#2265 does not exist in workspace; reconstructing
└ @ JLD2 ~/.julia/packages/JLD2/WDhXU/src/data/reconstructing_datatypes.jl:588
┌ Warning: type PDDL.##CompiledDoorsKeysGemsState#2323 does not exist in workspace; reconstructing
└ @ JLD2 ~/.julia/packages/JLD2/WDhXU/src/data/reconstructing_datatypes.jl:588
┌ Warning: type PDDL.##CompiledDoorsKeysGemsState#2381 does not exist in workspace; reconstructing
└ @ JLD2 ~/.julia/packages/JLD2/WDhXU/src/data/reconstructing_datatypes.jl:588
┌ Warning: type PDDL.##CompiledDoorsKeysGemsState#2439 does not exist in workspace; reconstructing
└ @ JLD2 ~/.julia/packages/JLD2/WDhXU/src/data/reconstructing_datatypes.jl:588
┌ Warning: type PDDL.##CompiledDoorsKeysGemsState#2497 does not exist in workspace; reconstructing
└ @ JLD2 ~/.julia/packages/JLD2/WDhXU/src/data/reconstructing_datatypes.jl:588
┌ Warning: type PDDL.##CompiledDoorsKeysGemsState#2555 does not exist in workspace; reconstructing
└ @ JLD2 ~/.julia/packages/JLD2/WDhXU/src/data/reconstructing_datatypes.jl:588
┌ Warning: type PDDL.##CompiledDoorsKeysGemsState#2613 does not exist in workspace; reconstructing
└ @ JLD2 ~/.julia/packages/JLD2/WDhXU/src/data/reconstructing_datatypes.jl:588
┌ Warning: type PDDL.##CompiledDoorsKeysGemsState#2671 does not exist in workspace; reconstructing
└ @ JLD2 ~/.julia/packages/JLD2/WDhXU/src/data/reconstructing_datatypes.jl:588
┌ Warning: type PDDL.##CompiledDoorsKeysGemsState#2729 does not exist in workspace; reconstructing
└ @ JLD2 ~/.julia/packages/JLD2/WDhXU/src/data/reconstructing_datatypes.jl:588

Processing map: sm112
Const[wizard1, wizard2, wizard3, wizard4, wizard5]Const[wizard1, wizard2, wizard3, wizard4, wizard5]  Scenario 1
    Result: agent2=2, agent3=2, total=4
    Time: 1.29s
  Scenario 2
    Result: agent2=2, agent3=2, total=4
    Time: 0.0s
Processing mentalizing baseline until one converges:   5%  ETA: 0:03:54[K  Map completed in 11.23s

Processing map: sm521
Const[wizard1, wizard2, wizard3, wizard4, wizard5]Const[wizard1, wizard2, wizard3, wizard4, wizard5]  Scenario 1
    Result: agent2=7, agent3=6, total=13
    Time: 1.1s
Processing mentalizing baseline until one converges:   7%  ETA: 0:03:37[K  Scenario 2
    Result: agent2=9, agent3=8, total=17
    Time: 0.07s
  Map completed in 4.72s

Processing map: sm531
Const[wizard1, wizard2, wizard3, wizard4]Const[wizard1, wizard2, wizard3, wizard4]  Scenario 1
    Result: agent2=5, agent3=5, total=10
    Time: 1.16s
Processing mentalizing baseline until one converges:  11%  ETA: 0:02:40[K  Scenario 2
    Result: agent2=12, agent3=11, total=23
    Time: 0.01s
  Map completed in 4.57s

Processing map: sm421
Const[wizard1, wizard2, wizard3, wizard4]Const[wizard1, wizard2, wizard3, wizard4]  Scenario 1
    Result: agent2=5, agent3=5, total=10
    Time: 1.08s
  Scenario 2
    Result: agent2=7, agent3=6, total=13
    Time: 0.07s
  Map completed in 4.52s

Processing map: sm321
Const[wizard1, wizard2, wizard3]Const[wizard1, wizard2, wizard3]  Scenario 1
    Result: agent2=3, agent3=3, total=6
    Time: 1.09s
  Scenario 2
    Result: agent2=5, agent3=4, total=9
    Time: 0.06s
  Map completed in 4.58s

Processing map: sm311
Const[wizard1, wizard2, wizard3, wizard4]Const[wizard1, wizard2, wizard3, wizard4]  Scenario 1
    Result: agent2=4, agent3=4, total=8
    Time: 1.21s
  Scenario 2
    Result: agent2=2, agent3=1, total=3
    Time: 0.01s
  Map completed in 4.62s

Processing map: sm432
Const[wizard1, wizard2, wizard3, wizard4, wizard5]Const[wizard1, wizard2, wizard3, wizard4, wizard5]  Scenario 1
    Result: agent2=11, agent3=11, total=22
    Time: 1.16s
  Scenario 2
    Result: agent2=5, agent3=4, total=9
    Time: 0.02s
  Map completed in 4.59s

Processing map: sm541
Const[wizard1, wizard2, wizard3, wizard4, wizard5]Const[wizard1, wizard2, wizard3, wizard4, wizard5]  Scenario 1
    Result: agent2=3, agent3=2, total=5
    Time: 1.14s
Processing mentalizing baseline until one converges:  34%  ETA: 0:01:24[K  Scenario 2
    Result: agent2=9, agent3=8, total=17
    Time: 0.0s
  Map completed in 4.55s

Processing map: sm111
Const[wizard1, wizard2, wizard3, wizard4, wizard5]Const[wizard1, wizard2, wizard3, wizard4, wizard5]  Scenario 1
    Result: agent2=6, agent3=6, total=12
    Time: 1.13s
  Scenario 2
    Result: agent2=6, agent3=6, total=12
    Time: 0.0s
  Map completed in 4.56s

Processing map: sm361
Const[wizard1, wizard2, wizard3, wizard4]Const[wizard1, wizard2, wizard3, wizard4]  Scenario 1
    Result: agent2=4, agent3=3, total=7
    Time: 1.15s
  Scenario 2
    Result: agent2=5, agent3=5, total=10
    Time: 0.0s
  Map completed in 4.68s

Processing map: sm511
Const[wizard1, wizard2, wizard3, wizard4, wizard5, wizard6]Const[wizard1, wizard2, wizard3, wizard4, wizard5, wizard6]  Scenario 1
    Result: agent2=11, agent3=11, total=22
    Time: 1.17s
  Scenario 2
    Result: agent2=9, agent3=8, total=17
    Time: 0.01s
  Map completed in 4.67s

Processing map: sm211
Const[wizard1, wizard2, wizard3]Const[wizard1, wizard2, wizard3]  Scenario 1
    Result: agent2=3, agent3=3, total=6
    Time: 1.16s
  Scenario 2
    Result: agent2=1, agent3=0, total=1
    Time: 0.01s
  Map completed in 4.69s

Processing map: sm332
    Agent1 doesn't need blue wizards -> t=0 for both scenarios
Processing mentalizing baseline until one converges:  57%  ETA: 0:00:48[K  Map completed in 1.49s

Processing map: sm431
Const[wizard1, wizard2, wizard3, wizard4, wizard5]Const[wizard1, wizard2, wizard3, wizard4, wizard5]  Scenario 1
    Result: agent2=5, agent3=5, total=10
    Time: 1.15s
Processing mentalizing baseline until one converges:  61%  ETA: 0:00:43[K  Scenario 2
    Result: agent2=17, agent3=16, total=33
    Time: 0.0s
  Map completed in 4.61s

Processing map: sm341
Const[wizard1, wizard2, wizard3]Const[wizard1, wizard2, wizard3]  Scenario 1
    Result: agent2=3, agent3=3, total=6
    Time: 1.12s
  Scenario 2
    Result: agent2=5, agent3=4, total=9
    Time: 0.05s
  Map completed in 4.58s

Processing map: sm411
Const[wizard1, wizard2, wizard3, wizard4, wizard5]Const[wizard1, wizard2, wizard3, wizard4, wizard5]  Scenario 1
    Result: agent2=7, agent3=7, total=14
    Time: 1.2s
  Scenario 2
    Result: agent2=5, agent3=4, total=9
    Time: 0.01s
  Map completed in 4.77s

Processing map: sm371
Const[wizard1, wizard2]Const[wizard1, wizard2]  Scenario 1
    Result: agent2=17, agent3=16, total=33
    Time: 1.11s
  Scenario 2
    Result: agent2=12, agent3=12, total=24
    Time: 0.05s
  Map completed in 4.57s

Processing map: sm221
Const[wizard1, wizard2]Const[wizard1, wizard2]  Scenario 1
    Result: agent2=1, agent3=1, total=2
    Time: 1.16s
  Scenario 2
    Result: agent2=3, agent3=2, total=5
    Time: 0.06s
  Map completed in 4.68s

Processing map: sm331
Const[wizard1, wizard2, wizard3]Const[wizard1, wizard2, wizard3]  Scenario 1
    Result: agent2=7, agent3=7, total=14
    Time: 1.18s
Processing mentalizing baseline until one converges:  84%  ETA: 0:00:17[K  Scenario 2
    Result: agent2=3, agent3=2, total=5
    Time: 0.0s
  Map completed in 4.63s

Processing map: sm543
Const[wizard1, wizard2, wizard3]Const[wizard1, wizard2, wizard3]  Scenario 1
    Result: agent2=8, agent3=7, total=15
    Time: 1.14s
  Scenario 2
    Result: agent2=17, agent3=16, total=33
    Time: 0.05s
  Map completed in 4.76s

Processing map: sm342
    Agent1 doesn't need blue wizards -> t=0 for both scenarios
  Map completed in 1.46s

Processing map: sm351
Const[wizard1, wizard2, wizard3, wizard4]Const[wizard1, wizard2, wizard3, wizard4]  Scenario 1
    Result: agent2=3, agent3=3, total=6
    Time: 1.15s
  Scenario 2
    Result: agent2=6, agent3=5, total=11
    Time: 0.01s
Processing mentalizing baseline until one converges: 100% Time: 0:01:42[K
  Map completed in 4.65s

=== Timing Summary ===
Total time: 102.2s
Average per map: 4.64s

=== Experiment Complete ===
Results saved to: /Users/heyodogo/code/lab/social_learning/social_learning_ToM/scripts/baselines_v2/exp3/../../../model_outputs/baselines_v2/exp3/step_dict_social_mentalizing_until_one_converges.json
Replay trace saved to: /Users/heyodogo/code/lab/social_learning/social_learning_ToM/scripts/baselines_v2/exp3/../../../model_outputs/baselines_v2/exp3/replay_trace_social_mentalizing_until_one_converges.json
