WARNING: redefinition of constant Main.PLANNER_CACHE. This may fail, cause incorrect answers, or produce other errors.
WARNING: redefinition of constant Main.CACHE_HITS. This may fail, cause incorrect answers, or produce other errors.
WARNING: redefinition of constant Main.CACHE_MISSES. This may fail, cause incorrect answers, or produce other errors.
WARNING: redefinition of constant Main.PLANNER_CACHE. This may fail, cause incorrect answers, or produce other errors.
WARNING: redefinition of constant Main.CACHE_HITS. This may fail, cause incorrect answers, or produce other errors.
WARNING: redefinition of constant Main.CACHE_MISSES. This may fail, cause incorrect answers, or produce other errors.
┌ Warning: type PDDL.##CompiledDoorsKeysGemsState#235 does not exist in workspace; interpreting Array{PDDL.##CompiledDoorsKeysGemsState#235} as Array{Any}
└ @ JLD2 ~/.julia/packages/JLD2/WDhXU/src/datasets.jl:128
┌ Warning: type PDDL.##CompiledDoorsKeysGemsState#235 does not exist in workspace; reconstructing
└ @ JLD2 ~/.julia/packages/JLD2/WDhXU/src/data/reconstructing_datatypes.jl:588
┌ Warning: type PDDL.##CompiledDoorsKeysGemsState#293 does not exist in workspace; reconstructing
└ @ JLD2 ~/.julia/packages/JLD2/WDhXU/src/data/reconstructing_datatypes.jl:588
┌ Warning: type PDDL.##CompiledDoorsKeysGemsState#351 does not exist in workspace; reconstructing
└ @ JLD2 ~/.julia/packages/JLD2/WDhXU/src/data/reconstructing_datatypes.jl:588
┌ Warning: type PDDL.##CompiledDoorsKeysGemsState#409 does not exist in workspace; reconstructing
└ @ JLD2 ~/.julia/packages/JLD2/WDhXU/src/data/reconstructing_datatypes.jl:588
┌ Warning: type PDDL.##CompiledDoorsKeysGemsState#467 does not exist in workspace; reconstructing
└ @ JLD2 ~/.julia/packages/JLD2/WDhXU/src/data/reconstructing_datatypes.jl:588
┌ Warning: type PDDL.##CompiledDoorsKeysGemsState#525 does not exist in workspace; reconstructing
└ @ JLD2 ~/.julia/packages/JLD2/WDhXU/src/data/reconstructing_datatypes.jl:588
┌ Warning: type PDDL.##CompiledDoorsKeysGemsState#583 does not exist in workspace; reconstructing
└ @ JLD2 ~/.julia/packages/JLD2/WDhXU/src/data/reconstructing_datatypes.jl:588
┌ Warning: type PDDL.##CompiledDoorsKeysGemsState#641 does not exist in workspace; reconstructing
└ @ JLD2 ~/.julia/packages/JLD2/WDhXU/src/data/reconstructing_datatypes.jl:588
┌ Warning: type PDDL.##CompiledDoorsKeysGemsState#699 does not exist in workspace; reconstructing
└ @ JLD2 ~/.julia/packages/JLD2/WDhXU/src/data/reconstructing_datatypes.jl:588
┌ Warning: type PDDL.##CompiledDoorsKeysGemsState#757 does not exist in workspace; reconstructing
└ @ JLD2 ~/.julia/packages/JLD2/WDhXU/src/data/reconstructing_datatypes.jl:588
┌ Warning: type PDDL.##CompiledDoorsKeysGemsState#815 does not exist in workspace; reconstructing
└ @ JLD2 ~/.julia/packages/JLD2/WDhXU/src/data/reconstructing_datatypes.jl:588
┌ Warning: type PDDL.##CompiledDoorsKeysGemsState#873 does not exist in workspace; reconstructing
└ @ JLD2 ~/.julia/packages/JLD2/WDhXU/src/data/reconstructing_datatypes.jl:588
┌ Warning: type PDDL.##CompiledDoorsKeysGemsState#931 does not exist in workspace; reconstructing
└ @ JLD2 ~/.julia/packages/JLD2/WDhXU/src/data/reconstructing_datatypes.jl:588
┌ Warning: type PDDL.##CompiledDoorsKeysGemsState#989 does not exist in workspace; reconstructing
└ @ JLD2 ~/.julia/packages/JLD2/WDhXU/src/data/reconstructing_datatypes.jl:588
┌ Warning: type PDDL.##CompiledDoorsKeysGemsState#1047 does not exist in workspace; reconstructing
└ @ JLD2 ~/.julia/packages/JLD2/WDhXU/src/data/reconstructing_datatypes.jl:588
┌ Warning: type PDDL.##CompiledDoorsKeysGemsState#1105 does not exist in workspace; reconstructing
└ @ JLD2 ~/.julia/packages/JLD2/WDhXU/src/data/reconstructing_datatypes.jl:588
┌ Warning: type PDDL.##CompiledDoorsKeysGemsState#1163 does not exist in workspace; reconstructing
└ @ JLD2 ~/.julia/packages/JLD2/WDhXU/src/data/reconstructing_datatypes.jl:588
┌ Warning: type PDDL.##CompiledDoorsKeysGemsState#1221 does not exist in workspace; reconstructing
└ @ JLD2 ~/.julia/packages/JLD2/WDhXU/src/data/reconstructing_datatypes.jl:588
┌ Warning: type PDDL.##CompiledDoorsKeysGemsState#1279 does not exist in workspace; reconstructing
└ @ JLD2 ~/.julia/packages/JLD2/WDhXU/src/data/reconstructing_datatypes.jl:588
┌ Warning: type PDDL.##CompiledDoorsKeysGemsState#1337 does not exist in workspace; reconstructing
└ @ JLD2 ~/.julia/packages/JLD2/WDhXU/src/data/reconstructing_datatypes.jl:588
┌ Warning: type PDDL.##CompiledDoorsKeysGemsState#1395 does not exist in workspace; reconstructing
└ @ JLD2 ~/.julia/packages/JLD2/WDhXU/src/data/reconstructing_datatypes.jl:588
┌ Warning: type PDDL.##CompiledDoorsKeysGemsState#1453 does not exist in workspace; reconstructing
└ @ JLD2 ~/.julia/packages/JLD2/WDhXU/src/data/reconstructing_datatypes.jl:588
┌ Warning: type PDDL.##CompiledDoorsKeysGemsState#1511 does not exist in workspace; reconstructing
└ @ JLD2 ~/.julia/packages/JLD2/WDhXU/src/data/reconstructing_datatypes.jl:588
┌ Warning: type PDDL.##CompiledDoorsKeysGemsState#1569 does not exist in workspace; reconstructing
└ @ JLD2 ~/.julia/packages/JLD2/WDhXU/src/data/reconstructing_datatypes.jl:588
┌ Warning: type PDDL.##CompiledDoorsKeysGemsState#1627 does not exist in workspace; reconstructing
└ @ JLD2 ~/.julia/packages/JLD2/WDhXU/src/data/reconstructing_datatypes.jl:588
┌ Warning: type PDDL.##CompiledDoorsKeysGemsState#1685 does not exist in workspace; reconstructing
└ @ JLD2 ~/.julia/packages/JLD2/WDhXU/src/data/reconstructing_datatypes.jl:588
┌ Warning: type PDDL.##CompiledDoorsKeysGemsState#1743 does not exist in workspace; reconstructing
└ @ JLD2 ~/.julia/packages/JLD2/WDhXU/src/data/reconstructing_datatypes.jl:588
┌ Warning: type PDDL.##CompiledDoorsKeysGemsState#1801 does not exist in workspace; reconstructing
└ @ JLD2 ~/.julia/packages/JLD2/WDhXU/src/data/reconstructing_datatypes.jl:588
┌ Warning: type PDDL.##CompiledDoorsKeysGemsState#1859 does not exist in workspace; reconstructing
└ @ JLD2 ~/.julia/packages/JLD2/WDhXU/src/data/reconstructing_datatypes.jl:588
┌ Warning: type PDDL.##CompiledDoorsKeysGemsState#1917 does not exist in workspace; reconstructing
└ @ JLD2 ~/.julia/packages/JLD2/WDhXU/src/data/reconstructing_datatypes.jl:588
┌ Warning: type PDDL.##CompiledDoorsKeysGemsState#1975 does not exist in workspace; reconstructing
└ @ JLD2 ~/.julia/packages/JLD2/WDhXU/src/data/reconstructing_datatypes.jl:588
┌ Warning: type PDDL.##CompiledDoorsKeysGemsState#2033 does not exist in workspace; reconstructing
└ @ JLD2 ~/.julia/packages/JLD2/WDhXU/src/data/reconstructing_datatypes.jl:588
┌ Warning: type PDDL.##CompiledDoorsKeysGemsState#2091 does not exist in workspace; reconstructing
└ @ JLD2 ~/.julia/packages/JLD2/WDhXU/src/data/reconstructing_datatypes.jl:588
┌ Warning: type PDDL.##CompiledDoorsKeysGemsState#2149 does not exist in workspace; reconstructing
└ @ JLD2 ~/.julia/packages/JLD2/WDhXU/src/data/reconstructing_datatypes.jl:588
┌ Warning: type PDDL.##CompiledDoorsKeysGemsState#2207 does not exist in workspace; reconstructing
└ @ JLD2 ~/.julia/packages/JLD2/WDhXU/src/data/reconstructing_datatypes.jl:588
┌ Warning: type PDDL.##CompiledDoorsKeysGemsState#2265 does not exist in workspace; reconstructing
└ @ JLD2 ~/.julia/packages/JLD2/WDhXU/src/data/reconstructing_datatypes.jl:588
┌ Warning: type PDDL.##CompiledDoorsKeysGemsState#2323 does not exist in workspace; reconstructing
└ @ JLD2 ~/.julia/packages/JLD2/WDhXU/src/data/reconstructing_datatypes.jl:588
┌ Warning: type PDDL.##CompiledDoorsKeysGemsState#2381 does not exist in workspace; reconstructing
└ @ JLD2 ~/.julia/packages/JLD2/WDhXU/src/data/reconstructing_datatypes.jl:588
┌ Warning: type PDDL.##CompiledDoorsKeysGemsState#2439 does not exist in workspace; reconstructing
└ @ JLD2 ~/.julia/packages/JLD2/WDhXU/src/data/reconstructing_datatypes.jl:588
┌ Warning: type PDDL.##CompiledDoorsKeysGemsState#2497 does not exist in workspace; reconstructing
└ @ JLD2 ~/.julia/packages/JLD2/WDhXU/src/data/reconstructing_datatypes.jl:588
┌ Warning: type PDDL.##CompiledDoorsKeysGemsState#2555 does not exist in workspace; reconstructing
└ @ JLD2 ~/.julia/packages/JLD2/WDhXU/src/data/reconstructing_datatypes.jl:588
┌ Warning: type PDDL.##CompiledDoorsKeysGemsState#2613 does not exist in workspace; reconstructing
└ @ JLD2 ~/.julia/packages/JLD2/WDhXU/src/data/reconstructing_datatypes.jl:588
┌ Warning: type PDDL.##CompiledDoorsKeysGemsState#2671 does not exist in workspace; reconstructing
└ @ JLD2 ~/.julia/packages/JLD2/WDhXU/src/data/reconstructing_datatypes.jl:588
┌ Warning: type PDDL.##CompiledDoorsKeysGemsState#2729 does not exist in workspace; reconstructing
└ @ JLD2 ~/.julia/packages/JLD2/WDhXU/src/data/reconstructing_datatypes.jl:588

Processing map: sm112
Const[wizard1, wizard2, wizard3, wizard4, wizard5]Const[wizard1, wizard2, wizard3, wizard4, wizard5]  Scenario 1
    Result: agent2=1, agent3=4, total=5
    Time: 1.36s
  Scenario 2
    Result: agent2=1, agent3=4, total=5
    Time: 0.0s
Processing mentalizing baseline v2:   5%|▋              |  ETA: 0:03:56[K  Map completed in 11.32s

Processing map: sm521
Const[wizard1, wizard2, wizard3, wizard4, wizard5]Const[wizard1, wizard2, wizard3, wizard4, wizard5]  Scenario 1
    Result: agent2=1, agent3=8, total=9
    Time: 1.1s
Processing mentalizing baseline v2:   7%|█              |  ETA: 0:03:38[K  Scenario 2
    Result: agent2=10, agent3=1, total=11
    Time: 0.07s
  Map completed in 4.71s

Processing map: sm531
Const[wizard1, wizard2, wizard3, wizard4]Const[wizard1, wizard2, wizard3, wizard4]  Scenario 1
    Result: agent2=1, agent3=6, total=7
    Time: 1.2s
Processing mentalizing baseline v2:  11%|█▊             |  ETA: 0:02:41[K  Scenario 2
    Result: agent2=13, agent3=1, total=14
    Time: 0.01s
  Map completed in 4.6s

Processing map: sm421
Const[wizard1, wizard2, wizard3, wizard4]Const[wizard1, wizard2, wizard3, wizard4]  Scenario 1
    Result: agent2=1, agent3=6, total=7
    Time: 1.13s
  Scenario 2
    Result: agent2=8, agent3=1, total=9
    Time: 0.07s
  Map completed in 4.61s

Processing map: sm321
Const[wizard1, wizard2, wizard3]Const[wizard1, wizard2, wizard3]  Scenario 1
    Result: agent2=1, agent3=4, total=5
    Time: 1.14s
  Scenario 2
    Result: agent2=6, agent3=1, total=7
    Time: 0.07s
  Map completed in 4.64s

Processing map: sm311
Const[wizard1, wizard2, wizard3, wizard4]Const[wizard1, wizard2, wizard3, wizard4]  Scenario 1
    Result: agent2=1, agent3=5, total=6
    Time: 1.23s
  Scenario 2
    Result: agent2=3, agent3=1, total=4
    Time: 0.01s
  Map completed in 4.75s

Processing map: sm432
Const[wizard1, wizard2, wizard3, wizard4, wizard5]Const[wizard1, wizard2, wizard3, wizard4, wizard5]  Scenario 1
    Result: agent2=1, agent3=1, total=2
    Time: 1.2s
  Scenario 2
    Result: agent2=6, agent3=17, total=23
    Time: 0.02s
  Map completed in 4.59s

Processing map: sm541
Const[wizard1, wizard2, wizard3, wizard4, wizard5]Const[wizard1, wizard2, wizard3, wizard4, wizard5]  Scenario 1
    Result: agent2=4, agent3=8, total=12
    Time: 1.16s
Processing mentalizing baseline v2:  34%|█████▏         |  ETA: 0:01:25[K  Scenario 2
    Result: agent2=1, agent3=1, total=2
    Time: 0.0s
  Map completed in 4.55s

Processing map: sm111
Const[wizard1, wizard2, wizard3, wizard4, wizard5]Const[wizard1, wizard2, wizard3, wizard4, wizard5]  Scenario 1
    Result: agent2=4, agent3=7, total=11
    Time: 1.14s
  Scenario 2
    Result: agent2=4, agent3=7, total=11
    Time: 0.0s
  Map completed in 4.55s

Processing map: sm361
Const[wizard1, wizard2, wizard3, wizard4]Const[wizard1, wizard2, wizard3, wizard4]  Scenario 1
    Result: agent2=5, agent3=9, total=14
    Time: 1.17s
  Scenario 2
    Result: agent2=1, agent3=1, total=2
    Time: 0.0s
  Map completed in 4.69s

Processing map: sm511
Const[wizard1, wizard2, wizard3, wizard4, wizard5, wizard6]Const[wizard1, wizard2, wizard3, wizard4, wizard5, wizard6]  Scenario 1
    Result: agent2=1, agent3=12, total=13
    Time: 1.24s
  Scenario 2
    Result: agent2=10, agent3=1, total=11
    Time: 0.01s
  Map completed in 4.71s

Processing map: sm211
Const[wizard1, wizard2, wizard3]Const[wizard1, wizard2, wizard3]  Scenario 1
    Result: agent2=1, agent3=4, total=5
    Time: 1.18s
  Scenario 2
    Result: agent2=2, agent3=1, total=3
    Time: 0.01s
  Map completed in 4.6s

Processing map: sm332
    Agent1 doesn't need blue wizards -> t=0 for both scenarios
Processing mentalizing baseline v2:  57%|████████▌      |  ETA: 0:00:49[K  Map completed in 1.49s

Processing map: sm431
Const[wizard1, wizard2, wizard3, wizard4, wizard5]Const[wizard1, wizard2, wizard3, wizard4, wizard5]  Scenario 1
    Result: agent2=11, agent3=6, total=17
    Time: 1.21s
Processing mentalizing baseline v2:  61%|█████████▎     |  ETA: 0:00:43[K  Scenario 2
    Result: agent2=1, agent3=1, total=2
    Time: 0.0s
  Map completed in 4.77s

Processing map: sm341
Const[wizard1, wizard2, wizard3]Const[wizard1, wizard2, wizard3]  Scenario 1
    Result: agent2=1, agent3=4, total=5
    Time: 1.23s
  Scenario 2
    Result: agent2=6, agent3=1, total=7
    Time: 0.05s
  Map completed in 4.68s

Processing map: sm411
Const[wizard1, wizard2, wizard3, wizard4, wizard5]Const[wizard1, wizard2, wizard3, wizard4, wizard5]  Scenario 1
    Result: agent2=1, agent3=8, total=9
    Time: 1.2s
  Scenario 2
    Result: agent2=6, agent3=1, total=7
    Time: 0.01s
  Map completed in 4.67s

Processing map: sm371
Const[wizard1, wizard2]Const[wizard1, wizard2]  Scenario 1
    Result: agent2=7, agent3=18, total=25
    Time: 1.15s
  Scenario 2
    Result: agent2=15, agent3=8, total=23
    Time: 0.04s
  Map completed in 4.57s

Processing map: sm221
Const[wizard1, wizard2]Const[wizard1, wizard2]  Scenario 1
    Result: agent2=1, agent3=2, total=3
    Time: 1.18s
  Scenario 2
    Result: agent2=4, agent3=1, total=5
    Time: 0.07s
  Map completed in 4.68s

Processing map: sm331
Const[wizard1, wizard2, wizard3]Const[wizard1, wizard2, wizard3]  Scenario 1
    Result: agent2=1, agent3=8, total=9
    Time: 1.34s
Processing mentalizing baseline v2:  84%|████████████▋  |  ETA: 0:00:17[K  Scenario 2
    Result: agent2=4, agent3=1, total=5
    Time: 0.0s
  Map completed in 4.82s

Processing map: sm543
Const[wizard1, wizard2, wizard3]Const[wizard1, wizard2, wizard3]  Scenario 1
    Result: agent2=6, agent3=18, total=24
    Time: 1.14s
  Scenario 2
    Result: agent2=18, agent3=10, total=28
    Time: 0.05s
  Map completed in 4.65s

Processing map: sm342
    Agent1 doesn't need blue wizards -> t=0 for both scenarios
  Map completed in 1.43s

Processing map: sm351
Const[wizard1, wizard2, wizard3, wizard4]Const[wizard1, wizard2, wizard3, wizard4]  Scenario 1
    Result: agent2=1, agent3=4, total=5
    Time: 1.18s
  Scenario 2
    Result: agent2=7, agent3=1, total=8
    Time: 0.01s
Processing mentalizing baseline v2: 100%|███████████████| Time: 0:01:42[K
  Map completed in 4.64s

=== Timing Summary ===
Total time: 102.76s
Average per map: 4.67s

=== Experiment Complete ===
Results saved to: /Users/heyodogo/code/lab/social_learning/social_learning_ToM/scripts/baselines_v2/exp3/../../../model_outputs/baselines_v2/exp3/step_dict_social_mentalizing.json
Replay trace saved to: /Users/heyodogo/code/lab/social_learning/social_learning_ToM/scripts/baselines_v2/exp3/../../../model_outputs/baselines_v2/exp3/replay_trace_social_mentalizing.json
