WARNING: redefinition of constant Main.PLANNER_CACHE. This may fail, cause incorrect answers, or produce other errors.
WARNING: redefinition of constant Main.CACHE_HITS. This may fail, cause incorrect answers, or produce other errors.
WARNING: redefinition of constant Main.CACHE_MISSES. This may fail, cause incorrect answers, or produce other errors.
WARNING: redefinition of constant Main.PLANNER_CACHE. This may fail, cause incorrect answers, or produce other errors.
WARNING: redefinition of constant Main.CACHE_HITS. This may fail, cause incorrect answers, or produce other errors.
WARNING: redefinition of constant Main.CACHE_MISSES. This may fail, cause incorrect answers, or produce other errors.
WARNING: redefinition of constant Main.PLANNER_CACHE. This may fail, cause incorrect answers, or produce other errors.
WARNING: redefinition of constant Main.CACHE_HITS. This may fail, cause incorrect answers, or produce other errors.
WARNING: redefinition of constant Main.CACHE_MISSES. This may fail, cause incorrect answers, or produce other errors.
┌ Warning: type PDDL.##CompiledDoorsKeysGemsState#264 does not exist in workspace; interpreting Array{PDDL.##CompiledDoorsKeysGemsState#264} as Array{Any}
└ @ JLD2 ~/.julia/packages/JLD2/WDhXU/src/datasets.jl:128
┌ Warning: type PDDL.##CompiledDoorsKeysGemsState#264 does not exist in workspace; reconstructing
└ @ JLD2 ~/.julia/packages/JLD2/WDhXU/src/data/reconstructing_datatypes.jl:588
┌ Warning: type PDDL.##CompiledDoorsKeysGemsState#322 does not exist in workspace; reconstructing
└ @ JLD2 ~/.julia/packages/JLD2/WDhXU/src/data/reconstructing_datatypes.jl:588
┌ Warning: type PDDL.##CompiledDoorsKeysGemsState#380 does not exist in workspace; reconstructing
└ @ JLD2 ~/.julia/packages/JLD2/WDhXU/src/data/reconstructing_datatypes.jl:588
┌ Warning: type PDDL.##CompiledDoorsKeysGemsState#438 does not exist in workspace; reconstructing
└ @ JLD2 ~/.julia/packages/JLD2/WDhXU/src/data/reconstructing_datatypes.jl:588
┌ Warning: type PDDL.##CompiledDoorsKeysGemsState#496 does not exist in workspace; reconstructing
└ @ JLD2 ~/.julia/packages/JLD2/WDhXU/src/data/reconstructing_datatypes.jl:588
┌ Warning: type PDDL.##CompiledDoorsKeysGemsState#554 does not exist in workspace; reconstructing
└ @ JLD2 ~/.julia/packages/JLD2/WDhXU/src/data/reconstructing_datatypes.jl:588
┌ Warning: type PDDL.##CompiledDoorsKeysGemsState#612 does not exist in workspace; reconstructing
└ @ JLD2 ~/.julia/packages/JLD2/WDhXU/src/data/reconstructing_datatypes.jl:588
┌ Warning: type PDDL.##CompiledDoorsKeysGemsState#670 does not exist in workspace; reconstructing
└ @ JLD2 ~/.julia/packages/JLD2/WDhXU/src/data/reconstructing_datatypes.jl:588
┌ Warning: type PDDL.##CompiledDoorsKeysGemsState#728 does not exist in workspace; reconstructing
└ @ JLD2 ~/.julia/packages/JLD2/WDhXU/src/data/reconstructing_datatypes.jl:588
┌ Warning: type PDDL.##CompiledDoorsKeysGemsState#786 does not exist in workspace; reconstructing
└ @ JLD2 ~/.julia/packages/JLD2/WDhXU/src/data/reconstructing_datatypes.jl:588
┌ Warning: type PDDL.##CompiledDoorsKeysGemsState#844 does not exist in workspace; reconstructing
└ @ JLD2 ~/.julia/packages/JLD2/WDhXU/src/data/reconstructing_datatypes.jl:588
┌ Warning: type PDDL.##CompiledDoorsKeysGemsState#902 does not exist in workspace; reconstructing
└ @ JLD2 ~/.julia/packages/JLD2/WDhXU/src/data/reconstructing_datatypes.jl:588
┌ Warning: type PDDL.##CompiledDoorsKeysGemsState#960 does not exist in workspace; reconstructing
└ @ JLD2 ~/.julia/packages/JLD2/WDhXU/src/data/reconstructing_datatypes.jl:588
┌ Warning: type PDDL.##CompiledDoorsKeysGemsState#1018 does not exist in workspace; reconstructing
└ @ JLD2 ~/.julia/packages/JLD2/WDhXU/src/data/reconstructing_datatypes.jl:588
┌ Warning: type PDDL.##CompiledDoorsKeysGemsState#1076 does not exist in workspace; reconstructing
└ @ JLD2 ~/.julia/packages/JLD2/WDhXU/src/data/reconstructing_datatypes.jl:588
┌ Warning: type PDDL.##CompiledDoorsKeysGemsState#1134 does not exist in workspace; reconstructing
└ @ JLD2 ~/.julia/packages/JLD2/WDhXU/src/data/reconstructing_datatypes.jl:588
┌ Warning: type PDDL.##CompiledDoorsKeysGemsState#1192 does not exist in workspace; reconstructing
└ @ JLD2 ~/.julia/packages/JLD2/WDhXU/src/data/reconstructing_datatypes.jl:588
┌ Warning: type PDDL.##CompiledDoorsKeysGemsState#1250 does not exist in workspace; reconstructing
└ @ JLD2 ~/.julia/packages/JLD2/WDhXU/src/data/reconstructing_datatypes.jl:588
┌ Warning: type PDDL.##CompiledDoorsKeysGemsState#1308 does not exist in workspace; reconstructing
└ @ JLD2 ~/.julia/packages/JLD2/WDhXU/src/data/reconstructing_datatypes.jl:588
┌ Warning: type PDDL.##CompiledDoorsKeysGemsState#1366 does not exist in workspace; reconstructing
└ @ JLD2 ~/.julia/packages/JLD2/WDhXU/src/data/reconstructing_datatypes.jl:588
┌ Warning: type PDDL.##CompiledDoorsKeysGemsState#1424 does not exist in workspace; reconstructing
└ @ JLD2 ~/.julia/packages/JLD2/WDhXU/src/data/reconstructing_datatypes.jl:588
┌ Warning: type PDDL.##CompiledDoorsKeysGemsState#1482 does not exist in workspace; reconstructing
└ @ JLD2 ~/.julia/packages/JLD2/WDhXU/src/data/reconstructing_datatypes.jl:588
┌ Warning: type PDDL.##CompiledDoorsKeysGemsState#1540 does not exist in workspace; reconstructing
└ @ JLD2 ~/.julia/packages/JLD2/WDhXU/src/data/reconstructing_datatypes.jl:588
┌ Warning: type PDDL.##CompiledDoorsKeysGemsState#1598 does not exist in workspace; reconstructing
└ @ JLD2 ~/.julia/packages/JLD2/WDhXU/src/data/reconstructing_datatypes.jl:588
┌ Warning: type PDDL.##CompiledDoorsKeysGemsState#1656 does not exist in workspace; reconstructing
└ @ JLD2 ~/.julia/packages/JLD2/WDhXU/src/data/reconstructing_datatypes.jl:588
Dict{Any, Any}()
s351_1_plan.pddl
Const[wizard1, wizard2, wizard3, wizard4]Q_observe = 91.77777777777776Q_not_observe = 114
Q_observe = 91.77777777777776Q_not_observe = 114
Q_observe = 86.99999999999999Q_not_observe = 103
Q_observe = 87.0Q_not_observe = 103
Q_observe = 96.0Q_not_observe = 92
t = 4s351_2_plan.pddl
Const[wizard1, wizard2, wizard3, wizard4]Q_observe = 91.77777777777776Q_not_observe = 114
Q_observe = 91.77777777777776Q_not_observe = 114
Q_observe = 116.0Q_not_observe = 114
t = 2Dict{Any, Any}("s351_2" => 2, "s351_1" => 4)
s432_1_plan.pddl
Const[wizard1, wizard2, wizard3, wizard4, wizard5]Q_observe = 126.33333333333331Q_not_observe = 182
Q_observe = 97.99999999999999Q_not_observe = 182
Q_observe = 98.00000000000001Q_not_observe = 182
Q_observe = 97.99999999999999Q_not_observe = 182
Q_observe = 97.99999999999999Q_not_observe = 182
Q_observe = 98.0Q_not_observe = 182
Q_observe = 97.99999999999999Q_not_observe = 182
Q_observe = 102.33333333333333Q_not_observe = 135
Q_observe = 102.33333333333331Q_not_observe = 135
Q_observe = 102.33333333333331Q_not_observe = 135
Q_observe = 102.33333333333334Q_not_observe = 135
Q_observe = 102.33333333333333Q_not_observe = 135
Q_observe = 109.0Q_not_observe = 118
Q_observe = 109.0Q_not_observe = 118
Q_observe = 115.0Q_not_observe = 101
t = 14s432_2_plan.pddl
Const[wizard1, wizard2, wizard3, wizard4, wizard5]Q_observe = 126.33333333333331Q_not_observe = 182
Q_observe = 183.0Q_not_observe = 182
t = 1Dict{Any, Any}("s432_1" => 14, "s432_2" => 1, "s351_2" => 2, "s351_1" => 4)
s543_1_plan.pddl
Const[wizard1, wizard2, wizard3]Q_observe = 70.00000000000001Q_not_observe = 64
t = 0s543_2_plan.pddl
Const[wizard1, wizard2, wizard3]Q_observe = 70.00000000000001Q_not_observe = 64
t = 0Dict{Any, Any}("s432_1" => 14, "s543_2" => 0, "s432_2" => 1, "s543_1" => 0, "s351_2" => 2, "s351_1" => 4)
s361_1_plan.pddl
Const[wizard1, wizard2, wizard3, wizard4]Q_observe = 144.6666666666666Q_not_observe = 165
Q_observe = 101.99999999999999Q_not_observe = 165
Q_observe = 102.0Q_not_observe = 165
Q_observe = 104.0Q_not_observe = 124
Q_observe = 104.0Q_not_observe = 124
Q_observe = 104.0Q_not_observe = 124
Q_observe = 113.0Q_not_observe = 107
t = 6s361_2_plan.pddl
Const[wizard1, wizard2, wizard3, wizard4]Q_observe = 144.6666666666666Q_not_observe = 165
Q_observe = 166.0Q_not_observe = 165
t = 1Dict{Any, Any}("s432_1" => 14, "s543_2" => 0, "s432_2" => 1, "s543_1" => 0, "s351_2" => 2, "s361_1" => 6, "s361_2" => 1, "s351_1" => 4)
s211_1_plan.pddl
Const[wizard1, wizard2, wizard3]Q_observe = 107.0Q_not_observe = 136
Q_observe = 92.0Q_not_observe = 136
Q_observe = 92.0Q_not_observe = 136
Q_observe = 110.0Q_not_observe = 107
t = 3s211_2_plan.pddl
Const[wizard1, wizard2, wizard3]Q_observe = 107.0Q_not_observe = 136
Q_observe = 137.0Q_not_observe = 136
t = 1Dict{Any, Any}("s432_1" => 14, "s211_2" => 1, "s211_1" => 3, "s543_2" => 0, "s432_2" => 1, "s543_1" => 0, "s351_2" => 2, "s361_1" => 6, "s361_2" => 1, "s351_1" => 4)
s421_1_plan.pddl
Const[wizard1, wizard2, wizard3, wizard4]Q_observe = 129.83333333333331Q_not_observe = 212
Q_observe = 95.33333333333333Q_not_observe = 177
Q_observe = 95.33333333333333Q_not_observe = 177
Q_observe = 102.99999999999999Q_not_observe = 142
Q_observe = 103.0Q_not_observe = 142
Q_observe = 112.0Q_not_observe = 107
t = 5s421_2_plan.pddl
Const[wizard1, wizard2, wizard3, wizard4]Q_observe = 129.83333333333331Q_not_observe = 212
Q_observe = 213.0Q_not_observe = 212
t = 1Dict{Any, Any}("s211_1" => 3, "s432_2" => 1, "s361_1" => 6, "s421_2" => 1, "s351_1" => 4, "s421_1" => 5, "s543_1" => 0, "s361_2" => 1, "s432_1" => 14, "s543_2" => 0, "s211_2" => 1, "s351_2" => 2)
s442_1_plan.pddl
Const[wizard1, wizard2, wizard3, wizard4]Q_observe = 143.83333333333331Q_not_observe = 182
Q_observe = 59.00000000000001Q_not_observe = 99
Q_observe = 59.00000000000001Q_not_observe = 99
Q_observe = 59.0Q_not_observe = 99
Q_observe = 58.99999999999999Q_not_observe = 99
Q_observe = 59.00000000000001Q_not_observe = 99
Q_observe = 71.0Q_not_observe = 65
t = 6s442_2_plan.pddl
Const[wizard1, wizard2, wizard3, wizard4]Q_observe = 143.83333333333331Q_not_observe = 182
Q_observe = 183.0Q_not_observe = 182
t = 1Dict{Any, Any}("s211_1" => 3, "s432_2" => 1, "s361_1" => 6, "s421_2" => 1, "s351_1" => 4, "s421_1" => 5, "s543_1" => 0, "s361_2" => 1, "s442_1" => 6, "s432_1" => 14, "s543_2" => 0, "s211_2" => 1, "s351_2" => 2, "s442_2" => 1)
s542_1_plan.pddl
Const[wizard1, wizard2, wizard3]Q_observe = 103.66666666666666Q_not_observe = 106
Q_observe = 97.0Q_not_observe = 106
Q_observe = 97.0Q_not_observe = 95
t = 2s542_2_plan.pddl
Const[wizard1, wizard2, wizard3]Q_observe = 103.66666666666666Q_not_observe = 106
Q_observe = 107.0Q_not_observe = 106
t = 1Dict{Any, Any}("s211_1" => 3, "s432_2" => 1, "s361_1" => 6, "s421_2" => 1, "s542_2" => 1, "s351_1" => 4, "s421_1" => 5, "s543_1" => 0, "s361_2" => 1, "s442_1" => 6, "s432_1" => 14, "s542_1" => 2, "s543_2" => 0, "s211_2" => 1, "s351_2" => 2, "s442_2" => 1)
s431_1_plan.pddl
Const[wizard1, wizard2, wizard3, wizard4, wizard5]Q_observe = 141.08333333333331Q_not_observe = 203
Q_observe = 148.45738541908185Q_not_observe = 203
Q_observe = 112.33333333333331Q_not_observe = 150
Q_observe = 112.33333333333333Q_not_observe = 150
Q_observe = 112.33333333333333Q_not_observe = 150
Q_observe = 112.33333333333333Q_not_observe = 150
Q_observe = 112.33333333333331Q_not_observe = 150
Q_observe = 118.99999999999999Q_not_observe = 133
Q_observe = 119.0Q_not_observe = 133
Q_observe = 125.0Q_not_observe = 116
t = 9s431_2_plan.pddl
Const[wizard1, wizard2, wizard3, wizard4, wizard5]Q_observe = 141.16666666666663Q_not_observe = 203
Q_observe = 148.49854854625616Q_not_observe = 203
Q_observe = 204.99999999999997Q_not_observe = 203
t = 2Dict{Any, Any}("s211_1" => 3, "s432_2" => 1, "s361_1" => 6, "s421_2" => 1, "s431_1" => 9, "s542_2" => 1, "s351_1" => 4, "s421_1" => 5, "s543_1" => 0, "s361_2" => 1, "s442_1" => 6, "s432_1" => 14, "s542_1" => 2, "s543_2" => 0, "s431_2" => 2, "s211_2" => 1, "s351_2" => 2, "s442_2" => 1)
s321_1_plan.pddl
Const[wizard1, wizard2, wizard3]Q_observe = 116.44444444444439Q_not_observe = 177
Q_observe = 95.0Q_not_observe = 142
Q_observe = 94.99999999999999Q_not_observe = 142
Q_observe = 110.0Q_not_observe = 107
t = 3s321_2_plan.pddl
Const[wizard1, wizard2, wizard3]Q_observe = 116.44444444444439Q_not_observe = 177
Q_observe = 178.00000000000003Q_not_observe = 177
t = 1Dict{Any, Any}("s211_1" => 3, "s432_2" => 1, "s361_1" => 6, "s421_2" => 1, "s431_1" => 9, "s542_2" => 1, "s351_1" => 4, "s321_2" => 1, "s421_1" => 5, "s543_1" => 0, "s361_2" => 1, "s442_1" => 6, "s432_1" => 14, "s321_1" => 3, "s542_1" => 2, "s543_2" => 0, "s431_2" => 2, "s211_2" => 1, "s351_2" => 2, "s442_2" => 1)
s342_1_plan.pddl
Const[wizard1, wizard2, wizard3]Q_observe = 116.0Q_not_observe = 118
Q_observe = 110.0Q_not_observe = 118
Q_observe = 110.0Q_not_observe = 118
Q_observe = 110.00000000000001Q_not_observe = 107
t = 3s342_2_plan.pddl
Const[wizard1, wizard2, wizard3]Q_observe = 116.0Q_not_observe = 118
Q_observe = 119.0Q_not_observe = 118
t = 1Dict{Any, Any}("s211_1" => 3, "s432_2" => 1, "s361_1" => 6, "s421_2" => 1, "s431_1" => 9, "s542_2" => 1, "s351_1" => 4, "s321_2" => 1, "s421_1" => 5, "s543_1" => 0, "s361_2" => 1, "s342_1" => 3, "s442_1" => 6, "s432_1" => 14, "s321_1" => 3, "s542_1" => 2, "s543_2" => 0, "s431_2" => 2, "s342_2" => 1, "s211_2" => 1, "s351_2" => 2, "s442_2" => 1)
s332_1_plan.pddl
Const[wizard1, wizard2, wizard3]Q_observe = 97.66666666666667Q_not_observe = 106
Q_observe = 93.0Q_not_observe = 106
Q_observe = 93.0Q_not_observe = 106
Q_observe = 92.99999999999999Q_not_observe = 106
Q_observe = 93.0Q_not_observe = 89
t = 4s332_2_plan.pddl
Const[wizard1, wizard2, wizard3]Q_observe = 97.66666666666667Q_not_observe = 106
Q_observe = 107.0Q_not_observe = 106
t = 1Dict{Any, Any}("s211_1" => 3, "s432_2" => 1, "s361_1" => 6, "s421_2" => 1, "s431_1" => 9, "s542_2" => 1, "s351_1" => 4, "s332_1" => 4, "s332_2" => 1, "s321_2" => 1, "s421_1" => 5, "s543_1" => 0, "s361_2" => 1, "s342_1" => 3, "s442_1" => 6, "s432_1" => 14, "s321_1" => 3, "s542_1" => 2, "s543_2" => 0, "s431_2" => 2, "s342_2" => 1, "s211_2" => 1, "s351_2" => 2, "s442_2" => 1)
s311_1_plan.pddl
Const[wizard1, wizard2, wizard3, wizard4]Q_observe = 109.77777777777774Q_not_observe = 159
Q_observe = 84.66666666666667Q_not_observe = 159
Q_observe = 84.66666666666667Q_not_observe = 159
Q_observe = 90.0Q_not_observe = 124
Q_observe = 111.0Q_not_observe = 107
t = 4s311_2_plan.pddl
Const[wizard1, wizard2, wizard3, wizard4]Q_observe = 109.77777777777774Q_not_observe = 159
Q_observe = 159.99999999999997Q_not_observe = 159
t = 1Dict{Any, Any}("s311_2" => 1, "s211_1" => 3, "s432_2" => 1, "s361_1" => 6, "s421_2" => 1, "s431_1" => 9, "s542_2" => 1, "s351_1" => 4, "s332_1" => 4, "s332_2" => 1, "s311_1" => 4, "s321_2" => 1, "s421_1" => 5, "s543_1" => 0, "s361_2" => 1, "s342_1" => 3, "s442_1" => 6, "s432_1" => 14, "s321_1" => 3, "s542_1" => 2, "s543_2" => 0, "s431_2" => 2, "s342_2" => 1, "s211_2" => 1, "s351_2" => 2, "s442_2" => 1)
s532_1_plan.pddl
Const[wizard1, wizard2, wizard3, wizard4]Q_observe = 115.88888888888886Q_not_observe = 150
Q_observe = 98.33333333333333Q_not_observe = 150
Q_observe = 98.33333333333334Q_not_observe = 150
Q_observe = 98.33333333333333Q_not_observe = 150
Q_observe = 98.33333333333333Q_not_observe = 150
Q_observe = 96.0Q_not_observe = 109
Q_observe = 95.99999999999999Q_not_observe = 109
Q_observe = 93.0Q_not_observe = 86
t = 7s532_2_plan.pddl
Const[wizard1, wizard2, wizard3, wizard4]Q_observe = 115.88888888888886Q_not_observe = 150
Q_observe = 151.0Q_not_observe = 150
t = 1Dict{Any, Any}("s311_2" => 1, "s211_1" => 3, "s432_2" => 1, "s361_1" => 6, "s421_2" => 1, "s431_1" => 9, "s542_2" => 1, "s351_1" => 4, "s532_1" => 7, "s332_1" => 4, "s332_2" => 1, "s311_1" => 4, "s321_2" => 1, "s421_1" => 5, "s543_1" => 0, "s361_2" => 1, "s342_1" => 3, "s442_1" => 6, "s432_1" => 14, "s321_1" => 3, "s542_1" => 2, "s532_2" => 1, "s543_2" => 0, "s431_2" => 2, "s342_2" => 1, "s211_2" => 1, "s351_2" => 2, "s442_2" => 1)
s541_1_plan.pddl
Const[wizard1, wizard2, wizard3, wizard4, wizard5]Q_observe = 128.41666666666666Q_not_observe = 146
Q_observe = 91.24999999999999Q_not_observe = 146
Q_observe = 91.25Q_not_observe = 146
Q_observe = 87.5Q_not_observe = 100
Q_observe = 93.0Q_not_observe = 89
t = 4s541_2_plan.pddl
Const[wizard1, wizard2, wizard3, wizard4, wizard5]Q_observe = 128.41666666666666Q_not_observe = 146
Q_observe = 147.0Q_not_observe = 146
t = 1Dict{Any, Any}("s311_2" => 1, "s211_1" => 3, "s432_2" => 1, "s541_2" => 1, "s361_1" => 6, "s421_2" => 1, "s431_1" => 9, "s542_2" => 1, "s351_1" => 4, "s532_1" => 7, "s332_1" => 4, "s332_2" => 1, "s311_1" => 4, "s541_1" => 4, "s321_2" => 1, "s421_1" => 5, "s543_1" => 0, "s361_2" => 1, "s342_1" => 3, "s442_1" => 6, "s432_1" => 14, "s321_1" => 3, "s542_1" => 2, "s532_2" => 1, "s543_2" => 0, "s431_2" => 2, "s342_2" => 1, "s211_2" => 1, "s351_2" => 2, "s442_2" => 1)
s371_1_plan.pddl
Const[wizard1, wizard2]Q_observe = 62.666666666666664Q_not_observe = 58
t = 0s371_2_plan.pddl
Const[wizard1, wizard2]Q_observe = 62.666666666666664Q_not_observe = 58
t = 0Dict{Any, Any}("s311_2" => 1, "s211_1" => 3, "s371_2" => 0, "s432_2" => 1, "s541_2" => 1, "s361_1" => 6, "s421_2" => 1, "s431_1" => 9, "s542_2" => 1, "s351_1" => 4, "s532_1" => 7, "s332_1" => 4, "s332_2" => 1, "s311_1" => 4, "s371_1" => 0, "s541_1" => 4, "s321_2" => 1, "s421_1" => 5, "s543_1" => 0, "s361_2" => 1, "s342_1" => 3, "s442_1" => 6, "s432_1" => 14, "s321_1" => 3, "s542_1" => 2, "s532_2" => 1, "s543_2" => 0, "s431_2" => 2, "s342_2" => 1, "s211_2" => 1, "s351_2" => 2, "s442_2" => 1)
s441_1_plan.pddl
Const[wizard1, wizard2, wizard3, wizard4]Q_observe = 96.33333333333333Q_not_observe = 113
Q_observe = 59.99999999999999Q_not_observe = 90
Q_observe = 59.99999999999999Q_not_observe = 90
Q_observe = 60.0Q_not_observe = 90
Q_observe = 72.0Q_not_observe = 68
t = 4s441_2_plan.pddl
Const[wizard1, wizard2, wizard3, wizard4]Q_observe = 96.33333333333333Q_not_observe = 113
Q_observe = 113.99999999999999Q_not_observe = 113
t = 1Dict{Any, Any}("s311_2" => 1, "s441_1" => 4, "s211_1" => 3, "s371_2" => 0, "s432_2" => 1, "s541_2" => 1, "s361_1" => 6, "s421_2" => 1, "s431_1" => 9, "s542_2" => 1, "s351_1" => 4, "s532_1" => 7, "s332_1" => 4, "s332_2" => 1, "s311_1" => 4, "s371_1" => 0, "s441_2" => 1, "s541_1" => 4, "s321_2" => 1, "s421_1" => 5, "s543_1" => 0, "s361_2" => 1, "s342_1" => 3, "s442_1" => 6, "s432_1" => 14, "s321_1" => 3, "s542_1" => 2, "s532_2" => 1, "s543_2" => 0, "s431_2" => 2, "s342_2" => 1, "s211_2" => 1, "s351_2" => 2, "s442_2" => 1)
s511_1_plan.pddl
Const[wizard1, wizard2, wizard3, wizard4, wizard5, wizard6]Q_observe = 127.46666666666667Q_not_observe = 193
Q_observe = 94.20000000000002Q_not_observe = 193
Q_observe = 94.19999999999999Q_not_observe = 193
Q_observe = 99.00000000000001Q_not_observe = 158
Q_observe = 108.66666666666666Q_not_observe = 141
Q_observe = 108.66666666666667Q_not_observe = 141
Q_observe = 108.66666666666667Q_not_observe = 141
Q_observe = 118.0Q_not_observe = 124
Q_observe = 118.0Q_not_observe = 124
Q_observe = 118.0Q_not_observe = 124
Q_observe = 118.0Q_not_observe = 124
Q_observe = 118.0Q_not_observe = 107
t = 11s511_2_plan.pddl
Const[wizard1, wizard2, wizard3, wizard4, wizard5, wizard6]Q_observe = 127.46666666666667Q_not_observe = 193
Q_observe = 194.0Q_not_observe = 193
t = 1Dict{Any, Any}("s311_2" => 1, "s441_1" => 4, "s211_1" => 3, "s371_2" => 0, "s432_2" => 1, "s541_2" => 1, "s361_1" => 6, "s421_2" => 1, "s431_1" => 9, "s542_2" => 1, "s351_1" => 4, "s532_1" => 7, "s332_1" => 4, "s332_2" => 1, "s311_1" => 4, "s371_1" => 0, "s441_2" => 1, "s541_1" => 4, "s321_2" => 1, "s421_1" => 5, "s543_1" => 0, "s361_2" => 1, "s342_1" => 3, "s511_1" => 11, "s442_1" => 6, "s432_1" => 14, "s321_1" => 3, "s542_1" => 2, "s532_2" => 1, "s543_2" => 0, "s431_2" => 2, "s342_2" => 1, "s211_2" => 1, "s351_2" => 2, "s511_2" => 1, "s442_2" => 1)
s341_1_plan.pddl
Const[wizard1, wizard2]Q_observe = 116.33333333333333Q_not_observe = 124
Q_observe = 112.0Q_not_observe = 124
Q_observe = 98.99999999999999Q_not_observe = 124
Q_observe = 99.0Q_not_observe = 124
Q_observe = 111.0Q_not_observe = 107
t = 4s341_2_plan.pddl
Const[wizard1, wizard2]Q_observe = 116.33333333333333Q_not_observe = 124
Q_observe = 125.0Q_not_observe = 124
t = 1Dict{Any, Any}("s311_2" => 1, "s441_1" => 4, "s211_1" => 3, "s371_2" => 0, "s432_2" => 1, "s541_2" => 1, "s361_1" => 6, "s421_2" => 1, "s431_1" => 9, "s542_2" => 1, "s351_1" => 4, "s532_1" => 7, "s332_1" => 4, "s332_2" => 1, "s311_1" => 4, "s371_1" => 0, "s341_2" => 1, "s441_2" => 1, "s541_1" => 4, "s321_2" => 1, "s421_1" => 5, "s543_1" => 0, "s361_2" => 1, "s342_1" => 3, "s511_1" => 11, "s442_1" => 6, "s432_1" => 14, "s321_1" => 3, "s341_1" => 4, "s542_1" => 2, "s532_2" => 1, "s543_2" => 0, "s431_2" => 2, "s342_2" => 1, "s211_2" => 1, "s351_2" => 2, "s511_2" => 1, "s442_2" => 1)
s531_1_plan.pddl
Const[wizard1, wizard2, wizard3, wizard4]Q_observe = 105.55555555555551Q_not_observe = 141
Q_observe = 87.33333333333334Q_not_observe = 141
Q_observe = 87.33333333333333Q_not_observe = 141
Q_observe = 85.0Q_not_observe = 100
Q_observe = 85.0Q_not_observe = 100
Q_observe = 82.0Q_not_observe = 77
t = 5s531_2_plan.pddl
Const[wizard1, wizard2, wizard3, wizard4]Q_observe = 105.55555555555551Q_not_observe = 141
Q_observe = 142.0Q_not_observe = 141
t = 1Dict{Any, Any}("s311_2" => 1, "s441_1" => 4, "s211_1" => 3, "s371_2" => 0, "s432_2" => 1, "s541_2" => 1, "s361_1" => 6, "s421_2" => 1, "s431_1" => 9, "s542_2" => 1, "s351_1" => 4, "s532_1" => 7, "s332_1" => 4, "s531_2" => 1, "s332_2" => 1, "s311_1" => 4, "s371_1" => 0, "s341_2" => 1, "s441_2" => 1, "s541_1" => 4, "s321_2" => 1, "s421_1" => 5, "s543_1" => 0, "s361_2" => 1, "s342_1" => 3, "s511_1" => 11, "s442_1" => 6, "s432_1" => 14, "s321_1" => 3, "s531_1" => 5, "s341_1" => 4, "s542_1" => 2, "s532_2" => 1, "s543_2" => 0, "s431_2" => 2, "s342_2" => 1, "s211_2" => 1, "s351_2" => 2, "s511_2" => 1, "s442_2" => 1)
s544_1_plan.pddl
Const[wizard1, wizard2, wizard3]Q_observe = 53.666666666666664Q_not_observe = 49
t = 0s544_2_plan.pddl
Const[wizard1, wizard2, wizard3]Q_observe = 53.666666666666664Q_not_observe = 49
t = 0Dict{Any, Any}("s311_2" => 1, "s441_1" => 4, "s211_1" => 3, "s371_2" => 0, "s432_2" => 1, "s541_2" => 1, "s361_1" => 6, "s421_2" => 1, "s431_1" => 9, "s542_2" => 1, "s351_1" => 4, "s544_1" => 0, "s532_1" => 7, "s332_1" => 4, "s531_2" => 1, "s332_2" => 1, "s311_1" => 4, "s371_1" => 0, "s341_2" => 1, "s441_2" => 1, "s544_2" => 0, "s541_1" => 4, "s321_2" => 1, "s421_1" => 5, "s543_1" => 0, "s361_2" => 1, "s342_1" => 3, "s511_1" => 11, "s442_1" => 6, "s432_1" => 14, "s321_1" => 3, "s531_1" => 5, "s341_1" => 4, "s542_1" => 2, "s532_2" => 1, "s543_2" => 0, "s431_2" => 2, "s342_2" => 1, "s211_2" => 1, "s351_2" => 2, "s511_2" => 1, "s442_2" => 1)
s331_1_plan.pddl
Const[wizard1, wizard2, wizard3]Q_observe = 101.66666666666667Q_not_observe = 100
t = 0s331_2_plan.pddl
Const[wizard1, wizard2, wizard3]Q_observe = 101.66666666666667Q_not_observe = 100
t = 0Dict{Any, Any}("s211_1" => 3, "s361_1" => 6, "s441_2" => 1, "s342_1" => 3, "s543_1" => 0, "s531_1" => 5, "s331_2" => 0, "s442_1" => 6, "s342_2" => 1, "s442_2" => 1, "s371_2" => 0, "s544_1" => 0, "s351_1" => 4, "s531_2" => 1, "s371_1" => 0, "s341_2" => 1, "s321_2" => 1, "s421_1" => 5, "s432_1" => 14, "s211_2" => 1, "s351_2" => 2, "s441_1" => 4, "s432_2" => 1, "s542_2" => 1, "s331_1" => 0, "s311_1" => 4, "s361_2" => 1, "s511_1" => 11, "s321_1" => 3, "s341_1" => 4, "s511_2" => 1, "s311_2" => 1, "s541_2" => 1, "s421_2" => 1, "s431_1" => 9, "s532_1" => 7, "s332_1" => 4, "s332_2" => 1, "s544_2" => 0, "s541_1" => 4, "s542_1" => 2, "s532_2" => 1, "s543_2" => 0, "s431_2" => 2)
s411_1_plan.pddl
Const[wizard1, wizard2, wizard3, wizard4, wizard5]Q_observe = 117.0Q_not_observe = 176
Q_observe = 86.99999999999999Q_not_observe = 176
Q_observe = 86.99999999999999Q_not_observe = 176
Q_observe = 91.0Q_not_observe = 141
Q_observe = 101.99999999999999Q_not_observe = 124
Q_observe = 102.00000000000001Q_not_observe = 124
Q_observe = 102.0Q_not_observe = 124
Q_observe = 114.0Q_not_observe = 107
t = 7s411_2_plan.pddl
Const[wizard1, wizard2, wizard3, wizard4, wizard5]Q_observe = 117.0Q_not_observe = 176
Q_observe = 177.0Q_not_observe = 176
t = 1Dict{Any, Any}("s211_1" => 3, "s361_1" => 6, "s441_2" => 1, "s342_1" => 3, "s543_1" => 0, "s531_1" => 5, "s331_2" => 0, "s442_1" => 6, "s342_2" => 1, "s442_2" => 1, "s371_2" => 0, "s544_1" => 0, "s351_1" => 4, "s531_2" => 1, "s371_1" => 0, "s341_2" => 1, "s321_2" => 1, "s421_1" => 5, "s432_1" => 14, "s211_2" => 1, "s351_2" => 2, "s441_1" => 4, "s432_2" => 1, "s542_2" => 1, "s331_1" => 0, "s311_1" => 4, "s361_2" => 1, "s511_1" => 11, "s321_1" => 3, "s341_1" => 4, "s511_2" => 1, "s311_2" => 1, "s541_2" => 1, "s421_2" => 1, "s431_1" => 9, "s532_1" => 7, "s332_1" => 4, "s332_2" => 1, "s544_2" => 0, "s541_1" => 4, "s411_2" => 1, "s411_1" => 7, "s542_1" => 2, "s532_2" => 1, "s543_2" => 0, "s431_2" => 2)
s221_1_plan.pddl
Const[wizard1, wizard2]Q_observe = 105.66666666666667Q_not_observe = 142
Q_observe = 108.0Q_not_observe = 107
t = 1s221_2_plan.pddl
Const[wizard1, wizard2]Q_observe = 105.66666666666667Q_not_observe = 142
Q_observe = 143.0Q_not_observe = 142
t = 1Dict{Any, Any}("s211_1" => 3, "s361_1" => 6, "s441_2" => 1, "s342_1" => 3, "s543_1" => 0, "s531_1" => 5, "s331_2" => 0, "s442_1" => 6, "s342_2" => 1, "s442_2" => 1, "s371_2" => 0, "s544_1" => 0, "s351_1" => 4, "s531_2" => 1, "s371_1" => 0, "s341_2" => 1, "s321_2" => 1, "s421_1" => 5, "s432_1" => 14, "s211_2" => 1, "s351_2" => 2, "s221_1" => 1, "s441_1" => 4, "s432_2" => 1, "s542_2" => 1, "s331_1" => 0, "s311_1" => 4, "s221_2" => 1, "s361_2" => 1, "s511_1" => 11, "s321_1" => 3, "s341_1" => 4, "s511_2" => 1, "s311_2" => 1, "s541_2" => 1, "s421_2" => 1, "s431_1" => 9, "s532_1" => 7, "s332_1" => 4, "s332_2" => 1, "s544_2" => 0, "s541_1" => 4, "s411_2" => 1, "s411_1" => 7, "s542_1" => 2, "s532_2" => 1, "s543_2" => 0, "s431_2" => 2)
s521_1_plan.pddl
Const[wizard1, wizard2, wizard3, wizard4, wizard5]Q_observe = 152.93333333333337Q_not_observe = 265
Q_observe = 103.75Q_not_observe = 230
Q_observe = 103.75000000000003Q_not_observe = 230
Q_observe = 111.33333333333334Q_not_observe = 195
Q_observe = 111.33333333333336Q_not_observe = 195
Q_observe = 119.99999999999999Q_not_observe = 160
Q_observe = 119.99999999999999Q_not_observe = 160
Q_observe = 114.0Q_not_observe = 107
t = 7s521_2_plan.pddl
Const[wizard1, wizard2, wizard3, wizard4, wizard5]Q_observe = 152.93333333333337Q_not_observe = 265
Q_observe = 266.0Q_not_observe = 265
t = 1Results saved to: /Users/heyodogo/code/lab/social_learning/social_learning_ToM/model_outputs/experiments_v2/exp2/steps_dict.json
Replay trace saved to: /Users/heyodogo/code/lab/social_learning/social_learning_ToM/model_outputs/experiments_v2/exp2/replay_trace.json
